; c64asm listing  (origin $0801, 59 bytes)

080D  4C 21 08          jmp start           ; .basic's SYS stub jumps right here.
0810  85 FB             sta str_ptr
0812  84 FC             sty str_ptr+1
0814  A0 00             ldy #$00
0816  B1 FB             lda (str_ptr),y
0818  F0 06             beq __local1_done
081A  20 D2 FF          jsr CHROUT
081D  C8                iny
081E  D0 F6             bne __local1_loop
0820  60                rts
0821  A9 93             lda #$93
0823  20 D2 FF          jsr CHROUT
0826  A9 2E             lda #<text
0828  A0 08             ldy #>text
082A  20 10 08          jsr print_msg
082D  60                rts

Symbol table:
  BITMAP               = $2000
  CHRIN                = $FFCF
  CHROUT               = $FFD2
  CIA1_DDRA            = $DC02
  CIA1_DDRB            = $DC03
  CIA1_PRA             = $DC00
  CIA1_PRB             = $DC01
  SCREEN               = $0400
  SID_VOLUME           = $D418
  SPRITE0_COLOR        = $D027
  SPRITE0_X            = $D000
  SPRITE0_Y            = $D001
  SPRITE_ENABLE        = $D015
  SPRITE_PTR0          = $07F8
  VIC_BG0              = $D021
  VIC_BORDER           = $D020
  VIC_CTRL1            = $D011
  VIC_CTRL2            = $D016
  VIC_MEMPTRS          = $D018
  VOICE1_AD            = $D405
  VOICE1_CTRL          = $D404
  VOICE1_FREQ_HI       = $D401
  VOICE1_FREQ_LO       = $D400
  VOICE1_SR            = $D406
  __local1_done        = $0820
  __local1_loop        = $0816
  print_msg            = $0810
  start                = $0821
  str_ptr              = $00FB
  text                 = $082E
