; c64asm listing  (origin $0801, 2603 bytes)

080D  4C AE 08          .basic start   ; auto-emits `jmp start` right after the loader
0810  85 FB             sta str_ptr
0812  84 FC             sty str_ptr+1
0814  A0 00             ldy #$00
0816  B1 FB             lda (str_ptr),y
0818  F0 06             beq __local1_done
081A  20 D2 FF          jsr CHROUT
081D  C8                iny
081E  D0 F6             bne __local1_loop
0820  60                rts
0821  85 02             sta kw_ptr
0823  84 03             sty kw_ptr+1
0825  A0 00             ldy #$00
0827  B1 FD             lda (cmp_ptr),y
0829  D1 02             cmp (kw_ptr),y
082B  D0 07             bne __local2_no
082D  C9 00             cmp #$00
082F  F0 06             beq __local2_yes
0831  C8                iny
0832  D0 F3             bne __local2_loop
0834  A9 00             lda #$00
0836  60                rts
0837  A9 01             lda #$01
0839  60                rts
083A  A9 00             lda #%00000000
083C  8D 02 DC          sta CIA1_DDRA
083F  AD 00 DC          lda CIA1_PRA
0842  49 FF             eor #$ff
0844  60                rts
086D  A2 00             ldx #$00
086F  20 CF FF          jsr CHRIN
0872  C9 0D             cmp #$0d
0874  F0 08             beq __local5_done
0876  9D 45 08          sta input_buf,x
0879  E8                inx
087A  E0 27             cpx #MAX_INPUT_LEN-1
087C  D0 F1             bne __local5_loop
087E  A9 00             lda #$00
0880  9D 45 08          sta input_buf,x
0883  60                rts
0884  85 FB             sta word_dest_ptr
0886  84 FC             sty word_dest_ptr+1
0888  BD 45 08          lda input_buf,x
088B  C9 20             cmp #$20
088D  D0 04             bne __local6_start
088F  E8                inx
0890  4C 88 08          jmp __local6_skip_spaces
0893  A0 00             ldy #$00
0895  BD 45 08          lda input_buf,x
0898  F0 0F             beq __local6_end
089A  C9 20             cmp #$20
089C  F0 0A             beq __local6_space
089E  91 FB             sta (word_dest_ptr),y
08A0  E8                inx
08A1  C8                iny
08A2  C0 0E             cpy #MAX_WORD_LEN-1
08A4  D0 EF             bne __local6_loop
08A6  F0 01             beq __local6_terminate
08A8  E8                inx
08A9  A9 00             lda #$00
08AB  91 FB             sta (word_dest_ptr),y
08AD  60                rts
08AE  A9 BF             lda #<msg_welcome1
08B0  A0 0C             ldy #>msg_welcome1
08B2  20 10 08          jsr print_msg
08B5  A9 DE             lda #<msg_welcome2
08B7  A0 0C             ldy #>msg_welcome2
08B9  20 10 08          jsr print_msg
08BC  20 30 09          jsr describe_room
08BF  A9 BC             lda #<prompt_str
08C1  A0 0C             ldy #>prompt_str
08C3  20 10 08          jsr print_msg
08C6  20 6D 08          jsr read_line
08C9  A9 0D             lda #$0d
08CB  20 D2 FF          jsr CHROUT
08CE  20 D7 08          jsr tokenize
08D1  20 EB 08          jsr dispatch
08D4  4C BF 08          jmp main_loop
08D7  A2 00             ldx #$00
08D9  A9 DA             lda #<verb_buf
08DB  A0 0B             ldy #>verb_buf
08DD  20 84 08          jsr extract_word
08E0  A9 EA             lda #<noun_buf
08E2  A0 0B             ldy #>noun_buf
08E4  20 84 08          jsr extract_word
08E7  60                rts
08E8  6C 02 00          jmp (handler_vec)
08EB  A9 DA             lda #<verb_buf
08ED  85 FD             sta cmp_ptr
08EF  A9 0B             lda #>verb_buf
08F1  85 FE             sta cmp_ptr+1
08F3  A2 00             ldx #$00
08F5  BD FA 0B          lda verb_table,x
08F8  1D FB 0B          ora verb_table+1,x
08FB  F0 2B             beq dispatch_not_found       ; both bytes zero -> end-of-table marker
08FD  BD FA 0B          lda verb_table,x
0900  BC FB 0B          ldy verb_table+1,x
0903  20 21 08          jsr str_equal
0906  C9 01             cmp #1
0908  D0 16             bne dispatch_next
090A  A9 EA             lda #<noun_buf
090C  85 FD             sta cmp_ptr
090E  A9 0B             lda #>noun_buf
0910  85 FE             sta cmp_ptr+1
0912  BD FC 0B          lda verb_table+2,x
0915  85 02             sta handler_vec
0917  BD FD 0B          lda verb_table+3,x
091A  85 03             sta handler_vec+1
091C  20 E8 08          jsr call_indirect
091F  60                rts
0920  8A                txa
0921  18                clc
0922  69 04             adc #4
0924  AA                tax
0925  4C F5 08          jmp dispatch_loop
0928  A9 36             lda #<msg_dont_understand
092A  A0 11             ldy #>msg_dont_understand
092C  20 10 08          jsr print_msg
092F  60                rts
0930  AE BF 0B          ldx current_room
0933  8A                txa
0934  0A                asl a
0935  A8                tay
0936  B9 3E 0C          lda room_desc_table,y
0939  48                pha
093A  B9 3F 0C          lda room_desc_table+1,y
093D  A8                tay
093E  68                pla
093F  20 10 08          jsr print_msg
0942  A2 00             ldx #$00
0944  BD C3 0B          lda item_location,x
0947  CD BF 0B          cmp current_room
094A  D0 0F             bne describe_item_next
094C  8A                txa
094D  0A                asl a
094E  A8                tay
094F  B9 48 0C          lda item_here_table,y
0952  48                pha
0953  B9 49 0C          lda item_here_table+1,y
0956  A8                tay
0957  68                pla
0958  20 10 08          jsr print_msg
095B  E8                inx
095C  E0 03             cpx #3
095E  D0 E4             bne describe_item_loop
0960  AD BF 0B          lda current_room
0963  C9 02             cmp #COTTAGE
0965  D0 1D             bne skip_chest_desc
0967  AD C0 0B          lda chest_open
096A  D0 0A             bne chest_is_open
096C  A9 84             lda #<chest_closed_msg
096E  A0 0F             ldy #>chest_closed_msg
0970  20 10 08          jsr print_msg
0973  4C 84 09          jmp skip_chest_desc
0976  AD C4 0B          lda item_location+KEY
0979  C9 02             cmp #COTTAGE
097B  F0 07             beq skip_chest_desc          ; key still visible -- item loop above already announced it
097D  A9 AA             lda #<chest_open_empty_msg
097F  A0 0F             ldy #>chest_open_empty_msg
0981  20 10 08          jsr print_msg
0984  AD BF 0B          lda current_room
0987  C9 03             cmp #CAVE_ENTRANCE
0989  D0 16             bne skip_door_desc
098B  AD C1 0B          lda door_unlocked
098E  D0 0A             bne door_is_open
0990  A9 22             lda #<door_locked_msg
0992  A0 10             ldy #>door_locked_msg
0994  20 10 08          jsr print_msg
0997  4C A1 09          jmp skip_door_desc
099A  A9 4E             lda #<door_unlocked_msg
099C  A0 10             ldy #>door_unlocked_msg
099E  20 10 08          jsr print_msg
09A1  60                rts
09A2  20 30 09          jsr describe_room
09A5  60                rts
09A6  AD EA 0B          lda noun_buf
09A9  D0 08             bne handle_go_check_words
09AB  A9 68             lda #<msg_bad_direction
09AD  A0 11             ldy #>msg_bad_direction
09AF  20 10 08          jsr print_msg
09B2  60                rts
09B3  A9 62             lda #<kw_north
09B5  A0 0C             ldy #>kw_north
09B7  20 21 08          jsr str_equal
09BA  C9 01             cmp #1
09BC  F0 55             beq handle_go_north
09BE  A9 68             lda #<kw_n
09C0  A0 0C             ldy #>kw_n
09C2  20 21 08          jsr str_equal
09C5  C9 01             cmp #1
09C7  F0 4A             beq handle_go_north
09C9  A9 6A             lda #<kw_south
09CB  A0 0C             ldy #>kw_south
09CD  20 21 08          jsr str_equal
09D0  C9 01             cmp #1
09D2  F0 48             beq handle_go_south
09D4  A9 70             lda #<kw_s
09D6  A0 0C             ldy #>kw_s
09D8  20 21 08          jsr str_equal
09DB  C9 01             cmp #1
09DD  F0 3D             beq handle_go_south
09DF  A9 72             lda #<kw_east
09E1  A0 0C             ldy #>kw_east
09E3  20 21 08          jsr str_equal
09E6  C9 01             cmp #1
09E8  F0 3B             beq handle_go_east
09EA  A9 77             lda #<kw_e
09EC  A0 0C             ldy #>kw_e
09EE  20 21 08          jsr str_equal
09F1  C9 01             cmp #1
09F3  F0 30             beq handle_go_east
09F5  A9 79             lda #<kw_west
09F7  A0 0C             ldy #>kw_west
09F9  20 21 08          jsr str_equal
09FC  C9 01             cmp #1
09FE  F0 2E             beq handle_go_west
0A00  A9 7E             lda #<kw_w
0A02  A0 0C             ldy #>kw_w
0A04  20 21 08          jsr str_equal
0A07  C9 01             cmp #1
0A09  F0 23             beq handle_go_west
0A0B  A9 68             lda #<msg_bad_direction
0A0D  A0 11             ldy #>msg_bad_direction
0A0F  20 10 08          jsr print_msg
0A12  60                rts
0A13  AE BF 0B          ldx current_room
0A16  BD C6 0B          lda exit_north,x
0A19  4C 37 0A          jmp do_move_check
0A1C  AE BF 0B          ldx current_room
0A1F  BD CB 0B          lda exit_south,x
0A22  4C 37 0A          jmp do_move_check
0A25  AE BF 0B          ldx current_room
0A28  BD D0 0B          lda exit_east,x
0A2B  4C 37 0A          jmp do_move_check
0A2E  AE BF 0B          ldx current_room
0A31  BD D5 0B          lda exit_west,x
0A34  4C 37 0A          jmp do_move_check
0A37  C9 FF             cmp #$ff
0A39  D0 08             bne move_ok
0A3B  A9 50             lda #<msg_cant_go
0A3D  A0 11             ldy #>msg_cant_go
0A3F  20 10 08          jsr print_msg
0A42  60                rts
0A43  8D BF 0B          sta current_room
0A46  20 30 09          jsr describe_room
0A49  60                rts
0A4A  AD EA 0B          lda noun_buf
0A4D  D0 08             bne take_check_words
0A4F  A9 08             lda #<msg_take_what
0A51  A0 11             ldy #>msg_take_what
0A53  20 10 08          jsr print_msg
0A56  60                rts
0A57  A9 9F             lda #<kw_rock
0A59  A0 0C             ldy #>kw_rock
0A5B  20 21 08          jsr str_equal
0A5E  C9 01             cmp #1
0A60  D0 05             bne take_try_key
0A62  A2 00             ldx #ROCK
0A64  4C 8F 0A          jmp take_item
0A67  A9 A4             lda #<kw_key
0A69  A0 0C             ldy #>kw_key
0A6B  20 21 08          jsr str_equal
0A6E  C9 01             cmp #1
0A70  D0 05             bne take_try_treasure
0A72  A2 01             ldx #KEY
0A74  4C 8F 0A          jmp take_item
0A77  A9 A8             lda #<kw_treasure
0A79  A0 0C             ldy #>kw_treasure
0A7B  20 21 08          jsr str_equal
0A7E  C9 01             cmp #1
0A80  D0 05             bne take_unknown
0A82  A2 02             ldx #TREASURE
0A84  4C 8F 0A          jmp take_item
0A87  A9 EE             lda #<msg_take_fail
0A89  A0 10             ldy #>msg_take_fail
0A8B  20 10 08          jsr print_msg
0A8E  60                rts
0A8F  BD C3 0B          lda item_location,x
0A92  CD BF 0B          cmp current_room
0A95  F0 08             beq take_ok
0A97  A9 EE             lda #<msg_take_fail
0A99  A0 10             ldy #>msg_take_fail
0A9B  20 10 08          jsr print_msg
0A9E  60                rts
0A9F  A9 FE             lda #LOC_INV
0AA1  9D C3 0B          sta item_location,x
0AA4  8A                txa
0AA5  0A                asl a
0AA6  A8                tay
0AA7  B9 4E 0C          lda item_take_msg_table,y
0AAA  48                pha
0AAB  B9 4F 0C          lda item_take_msg_table+1,y
0AAE  A8                tay
0AAF  68                pla
0AB0  20 10 08          jsr print_msg
0AB3  60                rts
0AB4  AD EA 0B          lda noun_buf
0AB7  D0 08             bne open_check_words
0AB9  A9 2A             lda #<msg_open_what
0ABB  A0 11             ldy #>msg_open_what
0ABD  20 10 08          jsr print_msg
0AC0  60                rts
0AC1  A9 B1             lda #<kw_chest
0AC3  A0 0C             ldy #>kw_chest
0AC5  20 21 08          jsr str_equal
0AC8  C9 01             cmp #1
0ACA  F0 13             beq handle_open_chest
0ACC  A9 B7             lda #<kw_door
0ACE  A0 0C             ldy #>kw_door
0AD0  20 21 08          jsr str_equal
0AD3  C9 01             cmp #1
0AD5  F0 36             beq handle_open_door
0AD7  A9 14             lda #<msg_open_nothing
0AD9  A0 11             ldy #>msg_open_nothing
0ADB  20 10 08          jsr print_msg
0ADE  60                rts
0ADF  AD BF 0B          lda current_room
0AE2  C9 02             cmp #COTTAGE
0AE4  F0 08             beq open_chest_here
0AE6  A9 09             lda #<msg_no_chest_here
0AE8  A0 10             ldy #>msg_no_chest_here
0AEA  20 10 08          jsr print_msg
0AED  60                rts
0AEE  AD C0 0B          lda chest_open
0AF1  F0 08             beq chest_not_open_yet
0AF3  A9 CF             lda #<msg_chest_already_open
0AF5  A0 0F             ldy #>msg_chest_already_open
0AF7  20 10 08          jsr print_msg
0AFA  60                rts
0AFB  A9 01             lda #1
0AFD  8D C0 0B          sta chest_open
0B00  A9 02             lda #COTTAGE
0B02  8D C4 0B          sta item_location+KEY        ; reveal the key
0B05  A9 E3             lda #<msg_chest_opened
0B07  A0 0F             ldy #>msg_chest_opened
0B09  20 10 08          jsr print_msg
0B0C  60                rts
0B0D  AD BF 0B          lda current_room
0B10  C9 03             cmp #CAVE_ENTRANCE
0B12  F0 08             beq open_door_here
0B14  A9 D6             lda #<msg_no_door_here
0B16  A0 10             ldy #>msg_no_door_here
0B18  20 10 08          jsr print_msg
0B1B  60                rts
0B1C  AD C1 0B          lda door_unlocked
0B1F  F0 08             beq door_not_open_yet
0B21  A9 77             lda #<msg_door_already_open
0B23  A0 10             ldy #>msg_door_already_open
0B25  20 10 08          jsr print_msg
0B28  60                rts
0B29  AD C4 0B          lda item_location+KEY
0B2C  C9 FE             cmp #LOC_INV
0B2E  F0 08             beq door_have_key
0B30  A9 92             lda #<msg_door_locked_need_key
0B32  A0 10             ldy #>msg_door_locked_need_key
0B34  20 10 08          jsr print_msg
0B37  60                rts
0B38  A9 01             lda #1
0B3A  8D C1 0B          sta door_unlocked
0B3D  A9 04             lda #DARK_CAVE
0B3F  8D C9 0B          sta exit_north+CAVE_ENTRANCE  ; the connection now exists
0B42  A9 B0             lda #<msg_door_unlocked
0B44  A0 10             ldy #>msg_door_unlocked
0B46  20 10 08          jsr print_msg
0B49  60                rts
0B4A  A2 00             ldx #$00
0B4C  A9 00             lda #$00
0B4E  8D C2 0B          sta inv_found_flag
0B51  BD C3 0B          lda item_location,x
0B54  C9 FE             cmp #LOC_INV
0B56  D0 05             bne inv_check_next
0B58  A9 01             lda #1
0B5A  8D C2 0B          sta inv_found_flag
0B5D  E8                inx
0B5E  E0 03             cpx #3
0B60  D0 EF             bne inv_check_loop
0B62  AD C2 0B          lda inv_found_flag
0B65  D0 08             bne inv_nonempty
0B67  A9 73             lda #<msg_inventory_empty
0B69  A0 11             ldy #>msg_inventory_empty
0B6B  20 10 08          jsr print_msg
0B6E  60                rts
0B6F  A9 92             lda #<msg_inventory_header
0B71  A0 11             ldy #>msg_inventory_header
0B73  20 10 08          jsr print_msg
0B76  A2 00             ldx #$00
0B78  BD C3 0B          lda item_location,x
0B7B  C9 FE             cmp #LOC_INV
0B7D  D0 0F             bne inv_print_next
0B7F  8A                txa
0B80  0A                asl a
0B81  A8                tay
0B82  B9 54 0C          lda item_name_table,y
0B85  48                pha
0B86  B9 55 0C          lda item_name_table+1,y
0B89  A8                tay
0B8A  68                pla
0B8B  20 10 08          jsr print_msg
0B8E  E8                inx
0B8F  E0 03             cpx #3
0B91  D0 E5             bne inv_print_loop
0B93  60                rts
0B94  A9 A5             lda #<msg_help1
0B96  A0 11             ldy #>msg_help1
0B98  20 10 08          jsr print_msg
0B9B  A9 B0             lda #<msg_help2
0B9D  A0 11             ldy #>msg_help2
0B9F  20 10 08          jsr print_msg
0BA2  A9 D3             lda #<msg_help3
0BA4  A0 11             ldy #>msg_help3
0BA6  20 10 08          jsr print_msg
0BA9  A9 F4             lda #<msg_help4
0BAB  A0 11             ldy #>msg_help4
0BAD  20 10 08          jsr print_msg
0BB0  A9 01             lda #<msg_help5
0BB2  A0 12             ldy #>msg_help5
0BB4  20 10 08          jsr print_msg
0BB7  A9 14             lda #<msg_help6
0BB9  A0 12             ldy #>msg_help6
0BBB  20 10 08          jsr print_msg
0BBE  60                rts

Symbol table:
  BITMAP               = $2000
  CAVE_ENTRANCE        = $0003
  CHRIN                = $FFCF
  CHROUT               = $FFD2
  CIA1_DDRA            = $DC02
  CIA1_DDRB            = $DC03
  CIA1_PRA             = $DC00
  CIA1_PRB             = $DC01
  CLEARING             = $0000
  COTTAGE              = $0002
  DARK_CAVE            = $0004
  FOREST               = $0001
  KEY                  = $0001
  LOC_INV              = $00FE
  LOC_NONE             = $00FF
  MAX_INPUT_LEN        = $0028
  MAX_WORD_LEN         = $000F
  ROCK                 = $0000
  SCREEN               = $0400
  SID_VOLUME           = $D418
  SPRITE0_COLOR        = $D027
  SPRITE0_X            = $D000
  SPRITE0_Y            = $D001
  SPRITE_ENABLE        = $D015
  SPRITE_PTR0          = $07F8
  SPRITE_X_EXPAND      = $D01D
  SPRITE_X_MSB         = $D010
  SPRITE_Y_EXPAND      = $D017
  TREASURE             = $0002
  VIC_BG0              = $D021
  VIC_BORDER           = $D020
  VIC_CTRL1            = $D011
  VIC_CTRL2            = $D016
  VIC_MEMPTRS          = $D018
  VIC_RASTER           = $D012
  VOICE1_AD            = $D405
  VOICE1_CTRL          = $D404
  VOICE1_FREQ_HI       = $D401
  VOICE1_FREQ_LO       = $D400
  VOICE1_SR            = $D406
  __local1_done        = $0820
  __local1_loop        = $0816
  __local2_loop        = $0827
  __local2_no          = $0834
  __local2_yes         = $0837
  __local5_done        = $087E
  __local5_loop        = $086F
  __local6_end         = $08A9
  __local6_loop        = $0895
  __local6_skip_spaces = $0888
  __local6_space       = $08A8
  __local6_start       = $0893
  __local6_terminate   = $08A9
  call_indirect        = $08E8
  chest_closed_msg     = $0F84
  chest_is_open        = $0976
  chest_not_open_yet   = $0AFB
  chest_open           = $0BC0
  chest_open_empty_msg = $0FAA
  cmp_ptr              = $00FD
  current_room         = $0BBF
  describe_item_loop   = $0944
  describe_item_next   = $095B
  describe_room        = $0930
  dispatch             = $08EB
  dispatch_loop        = $08F5
  dispatch_next        = $0920
  dispatch_not_found   = $0928
  do_move_check        = $0A37
  door_have_key        = $0B38
  door_is_open         = $099A
  door_locked_msg      = $1022
  door_not_open_yet    = $0B29
  door_unlocked        = $0BC1
  door_unlocked_msg    = $104E
  exit_east            = $0BD0
  exit_north           = $0BC6
  exit_south           = $0BCB
  exit_west            = $0BD5
  extract_word         = $0884
  handle_go            = $09A6
  handle_go_check_words = $09B3
  handle_go_east       = $0A25
  handle_go_north      = $0A13
  handle_go_south      = $0A1C
  handle_go_west       = $0A2E
  handle_help          = $0B94
  handle_inventory     = $0B4A
  handle_look          = $09A2
  handle_open          = $0AB4
  handle_open_chest    = $0ADF
  handle_open_door     = $0B0D
  handle_take          = $0A4A
  handler_vec          = $0002
  input_buf            = $0845
  inv_check_loop       = $0B51
  inv_check_next       = $0B5D
  inv_found_flag       = $0BC2
  inv_nonempty         = $0B6F
  inv_print_loop       = $0B78
  inv_print_next       = $0B8E
  item_here_table      = $0C48
  item_location        = $0BC3
  item_name_table      = $0C54
  item_take_msg_table  = $0C4E
  key_here_msg         = $0EBB
  key_name_msg         = $0F6F
  key_take_msg         = $0F14
  kw_chest             = $0CB1
  kw_door              = $0CB7
  kw_e                 = $0C77
  kw_east              = $0C72
  kw_get               = $0C85
  kw_go                = $0C5F
  kw_help              = $0C9A
  kw_i                 = $0C98
  kw_inventory         = $0C8E
  kw_key               = $0CA4
  kw_look              = $0C5A
  kw_n                 = $0C68
  kw_north             = $0C62
  kw_open              = $0C89
  kw_ptr               = $0002
  kw_rock              = $0C9F
  kw_s                 = $0C70
  kw_south             = $0C6A
  kw_take              = $0C80
  kw_treasure          = $0CA8
  kw_w                 = $0C7E
  kw_west              = $0C79
  main_loop            = $08BF
  move_ok              = $0A43
  msg_bad_direction    = $1168
  msg_cant_go          = $1150
  msg_chest_already_open = $0FCF
  msg_chest_opened     = $0FE3
  msg_dont_understand  = $1136
  msg_door_already_open = $1077
  msg_door_locked_need_key = $1092
  msg_door_unlocked    = $10B0
  msg_help1            = $11A5
  msg_help2            = $11B0
  msg_help3            = $11D3
  msg_help4            = $11F4
  msg_help5            = $1201
  msg_help6            = $1214
  msg_inventory_empty  = $1173
  msg_inventory_header = $1192
  msg_no_chest_here    = $1009
  msg_no_door_here     = $10D6
  msg_open_nothing     = $1114
  msg_open_what        = $112A
  msg_take_fail        = $10EE
  msg_take_what        = $1108
  msg_welcome1         = $0CBF
  msg_welcome2         = $0CDE
  noun_buf             = $0BEA
  open_check_words     = $0AC1
  open_chest_here      = $0AEE
  open_door_here       = $0B1C
  print_msg            = $0810
  prompt_str           = $0CBC
  read_joy2            = $083A
  read_line            = $086D
  rock_here_msg        = $0EA4
  rock_name_msg        = $0F67
  rock_take_msg        = $0EFD
  room0_desc           = $0D0F
  room1_desc           = $0D7E
  room2_desc           = $0DE6
  room3_desc           = $0E24
  room4_desc           = $0E64
  room_desc_table      = $0C3E
  skip_chest_desc      = $0984
  skip_door_desc       = $09A1
  start                = $08AE
  str_equal            = $0821
  str_ptr              = $00FB
  take_check_words     = $0A57
  take_item            = $0A8F
  take_ok              = $0A9F
  take_try_key         = $0A67
  take_try_treasure    = $0A77
  take_unknown         = $0A87
  tokenize             = $08D7
  treasure_here_msg    = $0ED1
  treasure_name_msg    = $0F76
  treasure_take_msg    = $0F27
  verb_buf             = $0BDA
  verb_table           = $0BFA
  word_dest_ptr        = $00FB
