; c64asm listing  (origin $0801, 2620 bytes)

080D  4C AE 08          .basic start   ; auto-emits `jmp start` right after the loader
0810  85 FB             sta str_ptr
0812  84 FC             sty str_ptr+1
0814  A0 00             ldy #$00
0816  B1 FB             lda (str_ptr),y
0818  F0 06             beq __local1_done
081A  20 D2 FF          jsr CHROUT
081D  C8                iny
081E  D0 F6             bne __local1_loop
0820  60                rts
0821  85 02             sta kw_ptr
0823  84 03             sty kw_ptr+1
0825  A0 00             ldy #$00
0827  B1 FD             lda (cmp_ptr),y
0829  D1 02             cmp (kw_ptr),y
082B  D0 07             bne __local2_no
082D  C9 00             cmp #$00
082F  F0 06             beq __local2_yes
0831  C8                iny
0832  D0 F3             bne __local2_loop
0834  A9 00             lda #$00
0836  60                rts
0837  A9 01             lda #$01
0839  60                rts
083A  A9 00             lda #%00000000
083C  8D 02 DC          sta CIA1_DDRA
083F  AD 00 DC          lda CIA1_PRA
0842  49 FF             eor #$ff
0844  60                rts
086D  A2 00             ldx #$00
086F  20 CF FF          jsr CHRIN
0872  C9 0D             cmp #$0d
0874  F0 08             beq __local5_done
0876  9D 45 08          sta input_buf,x
0879  E8                inx
087A  E0 27             cpx #MAX_INPUT_LEN-1
087C  D0 F1             bne __local5_loop
087E  A9 00             lda #$00
0880  9D 45 08          sta input_buf,x
0883  60                rts
0884  85 FB             sta word_dest_ptr
0886  84 FC             sty word_dest_ptr+1
0888  BD 45 08          lda input_buf,x
088B  C9 20             cmp #$20
088D  D0 04             bne __local6_start
088F  E8                inx
0890  4C 88 08          jmp __local6_skip_spaces
0893  A0 00             ldy #$00
0895  BD 45 08          lda input_buf,x
0898  F0 0F             beq __local6_end
089A  C9 20             cmp #$20
089C  F0 0A             beq __local6_space
089E  91 FB             sta (word_dest_ptr),y
08A0  E8                inx
08A1  C8                iny
08A2  C0 0E             cpy #MAX_WORD_LEN-1
08A4  D0 EF             bne __local6_loop
08A6  F0 01             beq __local6_terminate
08A8  E8                inx
08A9  A9 00             lda #$00
08AB  91 FB             sta (word_dest_ptr),y
08AD  60                rts
08AE  A9 0E             lda #$0e
08B0  20 D2 FF          jsr CHROUT
08B3  A9 08             lda #$08
08B5  20 D2 FF          jsr CHROUT
08B8  A9 D0             lda #<msg_welcome1
08BA  A0 0C             ldy #>msg_welcome1
08BC  20 10 08          jsr print_msg
08BF  A9 EF             lda #<msg_welcome2
08C1  A0 0C             ldy #>msg_welcome2
08C3  20 10 08          jsr print_msg
08C6  20 3A 09          jsr describe_room
08C9  A9 CD             lda #<prompt_str
08CB  A0 0C             ldy #>prompt_str
08CD  20 10 08          jsr print_msg
08D0  20 6D 08          jsr read_line
08D3  A9 0D             lda #$0d
08D5  20 D2 FF          jsr CHROUT
08D8  20 E1 08          jsr tokenize
08DB  20 F5 08          jsr dispatch
08DE  4C C9 08          jmp main_loop
08E1  A2 00             ldx #$00
08E3  A9 EB             lda #<verb_buf
08E5  A0 0B             ldy #>verb_buf
08E7  20 84 08          jsr extract_word
08EA  A9 FB             lda #<noun_buf
08EC  A0 0B             ldy #>noun_buf
08EE  20 84 08          jsr extract_word
08F1  60                rts
08F2  6C 02 00          jmp (handler_vec)
08F5  A9 EB             lda #<verb_buf
08F7  85 FD             sta cmp_ptr
08F9  A9 0B             lda #>verb_buf
08FB  85 FE             sta cmp_ptr+1
08FD  A2 00             ldx #$00
08FF  BD 0B 0C          lda verb_table,x
0902  1D 0C 0C          ora verb_table+1,x
0905  F0 2B             beq dispatch_not_found       ; both bytes zero -> end-of-table marker
0907  BD 0B 0C          lda verb_table,x
090A  BC 0C 0C          ldy verb_table+1,x
090D  20 21 08          jsr str_equal
0910  C9 01             cmp #1
0912  D0 16             bne dispatch_next
0914  A9 FB             lda #<noun_buf
0916  85 FD             sta cmp_ptr
0918  A9 0B             lda #>noun_buf
091A  85 FE             sta cmp_ptr+1
091C  BD 0D 0C          lda verb_table+2,x
091F  85 02             sta handler_vec
0921  BD 0E 0C          lda verb_table+3,x
0924  85 03             sta handler_vec+1
0926  20 F2 08          jsr call_indirect
0929  60                rts
092A  8A                txa
092B  18                clc
092C  69 04             adc #4
092E  AA                tax
092F  4C FF 08          jmp dispatch_loop
0932  A9 47             lda #<msg_dont_understand
0934  A0 11             ldy #>msg_dont_understand
0936  20 10 08          jsr print_msg
0939  60                rts
093A  AE D0 0B          ldx current_room
093D  8A                txa
093E  0A                asl a
093F  A8                tay
0940  B9 4F 0C          lda room_desc_table,y
0943  48                pha
0944  B9 50 0C          lda room_desc_table+1,y
0947  A8                tay
0948  68                pla
0949  20 10 08          jsr print_msg
094C  A2 00             ldx #$00
094E  BD D4 0B          lda item_location,x
0951  CD D0 0B          cmp current_room
0954  D0 0F             bne describe_item_next
0956  8A                txa
0957  0A                asl a
0958  A8                tay
0959  B9 59 0C          lda item_here_table,y
095C  48                pha
095D  B9 5A 0C          lda item_here_table+1,y
0960  A8                tay
0961  68                pla
0962  20 10 08          jsr print_msg
0965  E8                inx
0966  E0 03             cpx #3
0968  D0 E4             bne describe_item_loop
096A  AD D0 0B          lda current_room
096D  C9 02             cmp #COTTAGE
096F  D0 1D             bne skip_chest_desc
0971  AD D1 0B          lda chest_open
0974  D0 0A             bne chest_is_open
0976  A9 95             lda #<chest_closed_msg
0978  A0 0F             ldy #>chest_closed_msg
097A  20 10 08          jsr print_msg
097D  4C 8E 09          jmp skip_chest_desc
0980  AD D5 0B          lda item_location+KEY
0983  C9 02             cmp #COTTAGE
0985  F0 07             beq skip_chest_desc          ; key still visible -- item loop above already announced it
0987  A9 BB             lda #<chest_open_empty_msg
0989  A0 0F             ldy #>chest_open_empty_msg
098B  20 10 08          jsr print_msg
098E  AD D0 0B          lda current_room
0991  C9 03             cmp #CAVE_ENTRANCE
0993  D0 16             bne skip_door_desc
0995  AD D2 0B          lda door_unlocked
0998  D0 0A             bne door_is_open
099A  A9 33             lda #<door_locked_msg
099C  A0 10             ldy #>door_locked_msg
099E  20 10 08          jsr print_msg
09A1  4C AB 09          jmp skip_door_desc
09A4  A9 5F             lda #<door_unlocked_msg
09A6  A0 10             ldy #>door_unlocked_msg
09A8  20 10 08          jsr print_msg
09AB  60                rts
09AC  20 3A 09          jsr describe_room
09AF  60                rts
09B0  AD FB 0B          lda noun_buf
09B3  D0 08             bne handle_go_check_words
09B5  A9 79             lda #<msg_bad_direction
09B7  A0 11             ldy #>msg_bad_direction
09B9  20 10 08          jsr print_msg
09BC  60                rts
09BD  A9 73             lda #<kw_north
09BF  A0 0C             ldy #>kw_north
09C1  20 21 08          jsr str_equal
09C4  C9 01             cmp #1
09C6  F0 55             beq handle_go_north
09C8  A9 79             lda #<kw_n
09CA  A0 0C             ldy #>kw_n
09CC  20 21 08          jsr str_equal
09CF  C9 01             cmp #1
09D1  F0 4A             beq handle_go_north
09D3  A9 7B             lda #<kw_south
09D5  A0 0C             ldy #>kw_south
09D7  20 21 08          jsr str_equal
09DA  C9 01             cmp #1
09DC  F0 48             beq handle_go_south
09DE  A9 81             lda #<kw_s
09E0  A0 0C             ldy #>kw_s
09E2  20 21 08          jsr str_equal
09E5  C9 01             cmp #1
09E7  F0 3D             beq handle_go_south
09E9  A9 83             lda #<kw_east
09EB  A0 0C             ldy #>kw_east
09ED  20 21 08          jsr str_equal
09F0  C9 01             cmp #1
09F2  F0 3B             beq handle_go_east
09F4  A9 88             lda #<kw_e
09F6  A0 0C             ldy #>kw_e
09F8  20 21 08          jsr str_equal
09FB  C9 01             cmp #1
09FD  F0 30             beq handle_go_east
09FF  A9 8A             lda #<kw_west
0A01  A0 0C             ldy #>kw_west
0A03  20 21 08          jsr str_equal
0A06  C9 01             cmp #1
0A08  F0 2E             beq handle_go_west
0A0A  A9 8F             lda #<kw_w
0A0C  A0 0C             ldy #>kw_w
0A0E  20 21 08          jsr str_equal
0A11  C9 01             cmp #1
0A13  F0 23             beq handle_go_west
0A15  A9 79             lda #<msg_bad_direction
0A17  A0 11             ldy #>msg_bad_direction
0A19  20 10 08          jsr print_msg
0A1C  60                rts
0A1D  20 41 0A          jsr compute_room_exits_offset
0A20  BD D7 0B          lda room_exits+Exits.north,x
0A23  4C 48 0A          jmp do_move_check
0A26  20 41 0A          jsr compute_room_exits_offset
0A29  BD D8 0B          lda room_exits+Exits.south,x
0A2C  4C 48 0A          jmp do_move_check
0A2F  20 41 0A          jsr compute_room_exits_offset
0A32  BD D9 0B          lda room_exits+Exits.east,x
0A35  4C 48 0A          jmp do_move_check
0A38  20 41 0A          jsr compute_room_exits_offset
0A3B  BD DA 0B          lda room_exits+Exits.west,x
0A3E  4C 48 0A          jmp do_move_check
0A41  AD D0 0B          lda current_room
0A44  0A                asl a
0A45  0A                asl a                  ; A := current_room * 4 -- relies on
0A46  AA                tax
0A47  60                rts
0A48  C9 FF             cmp #$ff
0A4A  D0 08             bne move_ok
0A4C  A9 61             lda #<msg_cant_go
0A4E  A0 11             ldy #>msg_cant_go
0A50  20 10 08          jsr print_msg
0A53  60                rts
0A54  8D D0 0B          sta current_room
0A57  20 3A 09          jsr describe_room
0A5A  60                rts
0A5B  AD FB 0B          lda noun_buf
0A5E  D0 08             bne take_check_words
0A60  A9 19             lda #<msg_take_what
0A62  A0 11             ldy #>msg_take_what
0A64  20 10 08          jsr print_msg
0A67  60                rts
0A68  A9 B0             lda #<kw_rock
0A6A  A0 0C             ldy #>kw_rock
0A6C  20 21 08          jsr str_equal
0A6F  C9 01             cmp #1
0A71  D0 05             bne take_try_key
0A73  A2 00             ldx #ROCK
0A75  4C A0 0A          jmp take_item
0A78  A9 B5             lda #<kw_key
0A7A  A0 0C             ldy #>kw_key
0A7C  20 21 08          jsr str_equal
0A7F  C9 01             cmp #1
0A81  D0 05             bne take_try_treasure
0A83  A2 01             ldx #KEY
0A85  4C A0 0A          jmp take_item
0A88  A9 B9             lda #<kw_treasure
0A8A  A0 0C             ldy #>kw_treasure
0A8C  20 21 08          jsr str_equal
0A8F  C9 01             cmp #1
0A91  D0 05             bne take_unknown
0A93  A2 02             ldx #TREASURE
0A95  4C A0 0A          jmp take_item
0A98  A9 FF             lda #<msg_take_fail
0A9A  A0 10             ldy #>msg_take_fail
0A9C  20 10 08          jsr print_msg
0A9F  60                rts
0AA0  BD D4 0B          lda item_location,x
0AA3  CD D0 0B          cmp current_room
0AA6  F0 08             beq take_ok
0AA8  A9 FF             lda #<msg_take_fail
0AAA  A0 10             ldy #>msg_take_fail
0AAC  20 10 08          jsr print_msg
0AAF  60                rts
0AB0  A9 FE             lda #LOC_INV
0AB2  9D D4 0B          sta item_location,x
0AB5  8A                txa
0AB6  0A                asl a
0AB7  A8                tay
0AB8  B9 5F 0C          lda item_take_msg_table,y
0ABB  48                pha
0ABC  B9 60 0C          lda item_take_msg_table+1,y
0ABF  A8                tay
0AC0  68                pla
0AC1  20 10 08          jsr print_msg
0AC4  60                rts
0AC5  AD FB 0B          lda noun_buf
0AC8  D0 08             bne open_check_words
0ACA  A9 3B             lda #<msg_open_what
0ACC  A0 11             ldy #>msg_open_what
0ACE  20 10 08          jsr print_msg
0AD1  60                rts
0AD2  A9 C2             lda #<kw_chest
0AD4  A0 0C             ldy #>kw_chest
0AD6  20 21 08          jsr str_equal
0AD9  C9 01             cmp #1
0ADB  F0 13             beq handle_open_chest
0ADD  A9 C8             lda #<kw_door
0ADF  A0 0C             ldy #>kw_door
0AE1  20 21 08          jsr str_equal
0AE4  C9 01             cmp #1
0AE6  F0 36             beq handle_open_door
0AE8  A9 25             lda #<msg_open_nothing
0AEA  A0 11             ldy #>msg_open_nothing
0AEC  20 10 08          jsr print_msg
0AEF  60                rts
0AF0  AD D0 0B          lda current_room
0AF3  C9 02             cmp #COTTAGE
0AF5  F0 08             beq open_chest_here
0AF7  A9 1A             lda #<msg_no_chest_here
0AF9  A0 10             ldy #>msg_no_chest_here
0AFB  20 10 08          jsr print_msg
0AFE  60                rts
0AFF  AD D1 0B          lda chest_open
0B02  F0 08             beq chest_not_open_yet
0B04  A9 E0             lda #<msg_chest_already_open
0B06  A0 0F             ldy #>msg_chest_already_open
0B08  20 10 08          jsr print_msg
0B0B  60                rts
0B0C  A9 01             lda #1
0B0E  8D D1 0B          sta chest_open
0B11  A9 02             lda #COTTAGE
0B13  8D D5 0B          sta item_location+KEY        ; reveal the key
0B16  A9 F4             lda #<msg_chest_opened
0B18  A0 0F             ldy #>msg_chest_opened
0B1A  20 10 08          jsr print_msg
0B1D  60                rts
0B1E  AD D0 0B          lda current_room
0B21  C9 03             cmp #CAVE_ENTRANCE
0B23  F0 08             beq open_door_here
0B25  A9 E7             lda #<msg_no_door_here
0B27  A0 10             ldy #>msg_no_door_here
0B29  20 10 08          jsr print_msg
0B2C  60                rts
0B2D  AD D2 0B          lda door_unlocked
0B30  F0 08             beq door_not_open_yet
0B32  A9 88             lda #<msg_door_already_open
0B34  A0 10             ldy #>msg_door_already_open
0B36  20 10 08          jsr print_msg
0B39  60                rts
0B3A  AD D5 0B          lda item_location+KEY
0B3D  C9 FE             cmp #LOC_INV
0B3F  F0 08             beq door_have_key
0B41  A9 A3             lda #<msg_door_locked_need_key
0B43  A0 10             ldy #>msg_door_locked_need_key
0B45  20 10 08          jsr print_msg
0B48  60                rts
0B49  A9 01             lda #1
0B4B  8D D2 0B          sta door_unlocked
0B4E  A9 04             lda #DARK_CAVE
0B50  8D E3 0B          sta room_exits + CAVE_ENTRANCE*Exits.size + Exits.north  ; the
0B53  A9 C1             lda #<msg_door_unlocked
0B55  A0 10             ldy #>msg_door_unlocked
0B57  20 10 08          jsr print_msg
0B5A  60                rts
0B5B  A2 00             ldx #$00
0B5D  A9 00             lda #$00
0B5F  8D D3 0B          sta inv_found_flag
0B62  BD D4 0B          lda item_location,x
0B65  C9 FE             cmp #LOC_INV
0B67  D0 05             bne inv_check_next
0B69  A9 01             lda #1
0B6B  8D D3 0B          sta inv_found_flag
0B6E  E8                inx
0B6F  E0 03             cpx #3
0B71  D0 EF             bne inv_check_loop
0B73  AD D3 0B          lda inv_found_flag
0B76  D0 08             bne inv_nonempty
0B78  A9 84             lda #<msg_inventory_empty
0B7A  A0 11             ldy #>msg_inventory_empty
0B7C  20 10 08          jsr print_msg
0B7F  60                rts
0B80  A9 A3             lda #<msg_inventory_header
0B82  A0 11             ldy #>msg_inventory_header
0B84  20 10 08          jsr print_msg
0B87  A2 00             ldx #$00
0B89  BD D4 0B          lda item_location,x
0B8C  C9 FE             cmp #LOC_INV
0B8E  D0 0F             bne inv_print_next
0B90  8A                txa
0B91  0A                asl a
0B92  A8                tay
0B93  B9 65 0C          lda item_name_table,y
0B96  48                pha
0B97  B9 66 0C          lda item_name_table+1,y
0B9A  A8                tay
0B9B  68                pla
0B9C  20 10 08          jsr print_msg
0B9F  E8                inx
0BA0  E0 03             cpx #3
0BA2  D0 E5             bne inv_print_loop
0BA4  60                rts
0BA5  A9 B6             lda #<msg_help1
0BA7  A0 11             ldy #>msg_help1
0BA9  20 10 08          jsr print_msg
0BAC  A9 C1             lda #<msg_help2
0BAE  A0 11             ldy #>msg_help2
0BB0  20 10 08          jsr print_msg
0BB3  A9 E4             lda #<msg_help3
0BB5  A0 11             ldy #>msg_help3
0BB7  20 10 08          jsr print_msg
0BBA  A9 05             lda #<msg_help4
0BBC  A0 12             ldy #>msg_help4
0BBE  20 10 08          jsr print_msg
0BC1  A9 12             lda #<msg_help5
0BC3  A0 12             ldy #>msg_help5
0BC5  20 10 08          jsr print_msg
0BC8  A9 25             lda #<msg_help6
0BCA  A0 12             ldy #>msg_help6
0BCC  20 10 08          jsr print_msg
0BCF  60                rts

Symbol table:
  BITMAP               = $2000
  CAVE_ENTRANCE        = $0003
  CHRIN                = $FFCF
  CHROUT               = $FFD2
  CIA1_DDRA            = $DC02
  CIA1_DDRB            = $DC03
  CIA1_PRA             = $DC00
  CIA1_PRB             = $DC01
  CLEARING             = $0000
  COTTAGE              = $0002
  DARK_CAVE            = $0004
  Exits.east           = $0002
  Exits.north          = $0000
  Exits.size           = $0004
  Exits.south          = $0001
  Exits.west           = $0003
  FOREST               = $0001
  KEY                  = $0001
  LOC_INV              = $00FE
  LOC_NONE             = $00FF
  MAX_INPUT_LEN        = $0028
  MAX_WORD_LEN         = $000F
  ROCK                 = $0000
  SCREEN               = $0400
  SID_VOLUME           = $D418
  SPRITE0_COLOR        = $D027
  SPRITE0_X            = $D000
  SPRITE0_Y            = $D001
  SPRITE_ENABLE        = $D015
  SPRITE_PTR0          = $07F8
  SPRITE_X_EXPAND      = $D01D
  SPRITE_X_MSB         = $D010
  SPRITE_Y_EXPAND      = $D017
  TREASURE             = $0002
  VIC_BG0              = $D021
  VIC_BORDER           = $D020
  VIC_CTRL1            = $D011
  VIC_CTRL2            = $D016
  VIC_MEMPTRS          = $D018
  VIC_RASTER           = $D012
  VOICE1_AD            = $D405
  VOICE1_CTRL          = $D404
  VOICE1_FREQ_HI       = $D401
  VOICE1_FREQ_LO       = $D400
  VOICE1_SR            = $D406
  __local1_done        = $0820
  __local1_loop        = $0816
  __local2_loop        = $0827
  __local2_no          = $0834
  __local2_yes         = $0837
  __local5_done        = $087E
  __local5_loop        = $086F
  __local6_end         = $08A9
  __local6_loop        = $0895
  __local6_skip_spaces = $0888
  __local6_space       = $08A8
  __local6_start       = $0893
  __local6_terminate   = $08A9
  call_indirect        = $08F2
  chest_closed_msg     = $0F95
  chest_is_open        = $0980
  chest_not_open_yet   = $0B0C
  chest_open           = $0BD1
  chest_open_empty_msg = $0FBB
  cmp_ptr              = $00FD
  compute_room_exits_offset = $0A41
  current_room         = $0BD0
  describe_item_loop   = $094E
  describe_item_next   = $0965
  describe_room        = $093A
  dispatch             = $08F5
  dispatch_loop        = $08FF
  dispatch_next        = $092A
  dispatch_not_found   = $0932
  do_move_check        = $0A48
  door_have_key        = $0B49
  door_is_open         = $09A4
  door_locked_msg      = $1033
  door_not_open_yet    = $0B3A
  door_unlocked        = $0BD2
  door_unlocked_msg    = $105F
  extract_word         = $0884
  handle_go            = $09B0
  handle_go_check_words = $09BD
  handle_go_east       = $0A2F
  handle_go_north      = $0A1D
  handle_go_south      = $0A26
  handle_go_west       = $0A38
  handle_help          = $0BA5
  handle_inventory     = $0B5B
  handle_look          = $09AC
  handle_open          = $0AC5
  handle_open_chest    = $0AF0
  handle_open_door     = $0B1E
  handle_take          = $0A5B
  handler_vec          = $0002
  input_buf            = $0845
  inv_check_loop       = $0B62
  inv_check_next       = $0B6E
  inv_found_flag       = $0BD3
  inv_nonempty         = $0B80
  inv_print_loop       = $0B89
  inv_print_next       = $0B9F
  item_here_table      = $0C59
  item_location        = $0BD4
  item_name_table      = $0C65
  item_take_msg_table  = $0C5F
  key_here_msg         = $0ECC
  key_name_msg         = $0F80
  key_take_msg         = $0F25
  kw_chest             = $0CC2
  kw_door              = $0CC8
  kw_e                 = $0C88
  kw_east              = $0C83
  kw_get               = $0C96
  kw_go                = $0C70
  kw_help              = $0CAB
  kw_i                 = $0CA9
  kw_inventory         = $0C9F
  kw_key               = $0CB5
  kw_look              = $0C6B
  kw_n                 = $0C79
  kw_north             = $0C73
  kw_open              = $0C9A
  kw_ptr               = $0002
  kw_rock              = $0CB0
  kw_s                 = $0C81
  kw_south             = $0C7B
  kw_take              = $0C91
  kw_treasure          = $0CB9
  kw_w                 = $0C8F
  kw_west              = $0C8A
  main_loop            = $08C9
  move_ok              = $0A54
  msg_bad_direction    = $1179
  msg_cant_go          = $1161
  msg_chest_already_open = $0FE0
  msg_chest_opened     = $0FF4
  msg_dont_understand  = $1147
  msg_door_already_open = $1088
  msg_door_locked_need_key = $10A3
  msg_door_unlocked    = $10C1
  msg_help1            = $11B6
  msg_help2            = $11C1
  msg_help3            = $11E4
  msg_help4            = $1205
  msg_help5            = $1212
  msg_help6            = $1225
  msg_inventory_empty  = $1184
  msg_inventory_header = $11A3
  msg_no_chest_here    = $101A
  msg_no_door_here     = $10E7
  msg_open_nothing     = $1125
  msg_open_what        = $113B
  msg_take_fail        = $10FF
  msg_take_what        = $1119
  msg_welcome1         = $0CD0
  msg_welcome2         = $0CEF
  noun_buf             = $0BFB
  open_check_words     = $0AD2
  open_chest_here      = $0AFF
  open_door_here       = $0B2D
  print_msg            = $0810
  prompt_str           = $0CCD
  read_joy2            = $083A
  read_line            = $086D
  rock_here_msg        = $0EB5
  rock_name_msg        = $0F78
  rock_take_msg        = $0F0E
  room0_desc           = $0D20
  room1_desc           = $0D8F
  room2_desc           = $0DF7
  room3_desc           = $0E35
  room4_desc           = $0E75
  room_desc_table      = $0C4F
  room_exits           = $0BD7
  skip_chest_desc      = $098E
  skip_door_desc       = $09AB
  start                = $08AE
  str_equal            = $0821
  str_ptr              = $00FB
  take_check_words     = $0A68
  take_item            = $0AA0
  take_ok              = $0AB0
  take_try_key         = $0A78
  take_try_treasure    = $0A88
  take_unknown         = $0A98
  tokenize             = $08E1
  treasure_here_msg    = $0EE2
  treasure_name_msg    = $0F87
  treasure_take_msg    = $0F38
  verb_buf             = $0BEB
  verb_table           = $0C0B
  word_dest_ptr        = $00FB
