; c64asm listing  (origin $0801, 447 bytes)

080D  4C 9D 08          .basic start   ; needed once library code (graphics.inc's
0810  AD 12 D0          lda VIC_RASTER
0813  C9 FB             cmp #$fb
0815  D0 F9             bne wait_frame
0817  60                rts
0818  A2 00             ldx #0                ; returned: did X bounce this frame?
081A  A0 00             ldy #0                ; returned: did Y bounce this frame?
081C  A5 04             lda xdir
081E  F0 11             beq __local2_move_left
0820  E6 02             inc xpos
0822  A5 02             lda xpos
0824  C9 FA             cmp #XMAX
0826  D0 17             bne __local2_x_done
0828  A9 00             lda #0
082A  85 04             sta xdir             ; hit the right edge -- reverse
082C  A2 01             ldx #1
082E  4C 3F 08          jmp __local2_x_done
0831  C6 02             dec xpos
0833  A5 02             lda xpos
0835  C9 18             cmp #XMIN
0837  D0 06             bne __local2_x_done
0839  A9 01             lda #1
083B  85 04             sta xdir             ; hit the left edge -- reverse
083D  A2 01             ldx #1
083F  A5 05             lda ydir
0841  F0 11             beq __local2_move_up
0843  E6 03             inc ypos
0845  A5 03             lda ypos
0847  C9 DC             cmp #YMAX
0849  D0 17             bne __local2_y_done
084B  A9 00             lda #0
084D  85 05             sta ydir             ; hit the bottom edge -- reverse
084F  A0 01             ldy #1
0851  4C 62 08          jmp __local2_y_done
0854  C6 03             dec ypos
0856  A5 03             lda ypos
0858  C9 32             cmp #YMIN
085A  D0 06             bne __local2_y_done
085C  A9 01             lda #1
085E  85 05             sta ydir             ; hit the top edge -- reverse
0860  A0 01             ldy #1
0862  A5 02             lda xpos
0864  8D 00 D0          sta SPRITE0_X
0867  A5 03             lda ypos
0869  8D 01 D0          sta SPRITE0_Y
086C  60                rts
086D  A5 06             lda engine_playing
086F  D0 1D             bne __local3_already_on
0871  A9 00             lda #$00
0873  8D 00 D4          sta VOICE1_FREQ_LO
0876  A9 08             lda #$08
0878  8D 01 D4          sta VOICE1_FREQ_HI
087B  A9 00             lda #$00
087D  8D 05 D4          sta VOICE1_AD
0880  A9 F8             lda #$f8
0882  8D 06 D4          sta VOICE1_SR
0885  A9 81             lda #%10000001          ; noise waveform, gate on
0887  8D 04 D4          sta VOICE1_CTRL
088A  A9 01             lda #1
088C  85 06             sta engine_playing
088E  60                rts
088F  A5 06             lda engine_playing
0891  F0 09             beq __local4_already_off
0893  A9 80             lda #%10000000          ; noise waveform, gate off
0895  8D 04 D4          sta VOICE1_CTRL
0898  A9 00             lda #0
089A  85 06             sta engine_playing
089C  60                rts
089D  AD 11 D0          lda VIC_CTRL1
08A0  09 20             ora #%00100000        
08A2  8D 11 D0          sta VIC_CTRL1
08A5  AD 18 D0          lda VIC_MEMPTRS
08A8  29 F0             and #%11110000        
08AA  09 08             ora #((BITMAP) / 1024)   
08AC  8D 18 D0          sta VIC_MEMPTRS
08AF  A9 00             lda #<(BITMAP)
08B1  85 FB             sta gfx_ptr
08B3  A9 20             lda #>(BITMAP)
08B5  85 FC             sta gfx_ptr+1
08B7  A2 20             ldx #32
08B9  A9 00             lda #$00
08BB  A0 00             ldy #$00
08BD  91 FB             sta (gfx_ptr),y
08BF  C8                iny
08C0  D0 FB             bne __local7_clear_byte
08C2  E6 FC             inc gfx_ptr+1
08C4  CA                dex
08C5  D0 F4             bne __local7_clear_loop
08C7  A9 00             lda #<SCREEN
08C9  85 FB             sta gfx_ptr
08CB  A9 04             lda #>SCREEN
08CD  85 FC             sta gfx_ptr+1
08CF  A2 04             ldx #4
08D1  A9 16             lda #%00010110
08D3  A0 00             ldy #$00
08D5  91 FB             sta (gfx_ptr),y
08D7  C8                iny
08D8  D0 FB             bne __local8_fill_byte
08DA  E6 FC             inc gfx_ptr+1
08DC  CA                dex
08DD  D0 F4             bne __local8_fill_loop
08DF  A9 06             lda #6               ; border matches the bitmap's background color
08E1  8D 20 D0          sta VIC_BORDER
08E4  A9 0F             lda #$0f
08E6  8D 18 D4          sta SID_VOLUME
08E9  A9 00             lda #$00
08EB  8D 04 D4          sta VOICE1_CTRL
08EE  A9 18             lda #XMIN
08F0  85 02             sta xpos
08F2  A9 32             lda #YMIN
08F4  85 03             sta ypos
08F6  A9 01             lda #1
08F8  85 04             sta xdir             ; start out moving right...
08FA  85 05             sta ydir             ; ...and down
08FC  A9 26             lda #((sprite_data) / 64)
08FE  8D F8 07          sta SPRITE_PTR0
0901  A9 01             lda #1
0903  8D 27 D0          sta SPRITE0_COLOR
0906  A9 18             lda #XMIN
0908  8D 00 D0          sta SPRITE0_X
090B  A9 32             lda #YMIN
090D  8D 01 D0          sta SPRITE0_Y
0910  A9 01             lda #%00000001
0912  8D 15 D0          sta SPRITE_ENABLE
0915  20 10 08          jsr wait_frame
0918  20 18 08          jsr sprite0_bounce_step
091B  E0 00             cpx #0               ; sprite0_bounce_step (graphics.inc) returns
091D  D0 04             bne bounced           ; whether X and/or Y bounced this frame in
091F  C0 00             cpy #0                ; the X/Y registers themselves -- see its
0921  F0 1E             beq no_bounce         ; own comment for why
0923  A9 00             lda #$00
0925  8D 04 D4          sta VOICE1_CTRL
0928  A9 00             lda #$00
092A  8D 00 D4          sta VOICE1_FREQ_LO
092D  A9 18             lda #$18
092F  8D 01 D4          sta VOICE1_FREQ_HI
0932  A9 06             lda #$06
0934  8D 05 D4          sta VOICE1_AD
0937  A9 00             lda #$00
0939  8D 06 D4          sta VOICE1_SR
093C  A9 11             lda #%00010001
093E  8D 04 D4          sta VOICE1_CTRL
0941  4C 15 09          jmp main_loop

Symbol table:
  BITMAP               = $2000
  CHRIN                = $FFCF
  CHROUT               = $FFD2
  CIA1_DDRA            = $DC02
  CIA1_DDRB            = $DC03
  CIA1_PRA             = $DC00
  CIA1_PRB             = $DC01
  SCREEN               = $0400
  SID_VOLUME           = $D418
  SPRITE0_COLOR        = $D027
  SPRITE0_X            = $D000
  SPRITE0_Y            = $D001
  SPRITE_ENABLE        = $D015
  SPRITE_PTR0          = $07F8
  VIC_BG0              = $D021
  VIC_BORDER           = $D020
  VIC_CTRL1            = $D011
  VIC_CTRL2            = $D016
  VIC_MEMPTRS          = $D018
  VIC_RASTER           = $D012
  VOICE1_AD            = $D405
  VOICE1_CTRL          = $D404
  VOICE1_FREQ_HI       = $D401
  VOICE1_FREQ_LO       = $D400
  VOICE1_SR            = $D406
  XMAX                 = $00FA
  XMIN                 = $0018
  YMAX                 = $00DC
  YMIN                 = $0032
  __local2_move_left   = $0831
  __local2_move_up     = $0854
  __local2_x_done      = $083F
  __local2_y_done      = $0862
  __local3_already_on  = $088E
  __local4_already_off = $089C
  __local7_clear_byte  = $08BD
  __local7_clear_loop  = $08BB
  __local8_fill_byte   = $08D5
  __local8_fill_loop   = $08D3
  bounced              = $0923
  engine_playing       = $0006
  engine_sound_off     = $088F
  engine_sound_on      = $086D
  gfx_ptr              = $00FB
  main_loop            = $0915
  no_bounce            = $0941
  sprite0_bounce_step  = $0818
  sprite_data          = $0980
  start                = $089D
  wait_frame           = $0810
  xdir                 = $0004
  xpos                 = $0002
  ydir                 = $0005
  ypos                 = $0003
