; c64asm listing  (origin $0801, 638 bytes)

080D  4C 2F 09          .basic start   ; auto-emits `jmp start` right after the loader
0810  85 FB             sta str_ptr
0812  84 FC             sty str_ptr+1
0814  A0 00             ldy #$00
0816  B1 FB             lda (str_ptr),y
0818  F0 06             beq __local1_done
081A  20 D2 FF          jsr CHROUT
081D  C8                iny
081E  D0 F6             bne __local1_loop
0820  60                rts
0821  85 04             sta kw_ptr
0823  84 05             sty kw_ptr+1
0825  A0 00             ldy #$00
0827  B1 02             lda (cmp_ptr),y
0829  D1 04             cmp (kw_ptr),y
082B  D0 07             bne __local2_no
082D  C9 00             cmp #$00
082F  F0 06             beq __local2_yes
0831  C8                iny
0832  D0 F3             bne __local2_loop
0834  A9 00             lda #$00
0836  60                rts
0837  A9 01             lda #$01
0839  60                rts
083A  A9 00             lda #%00000000
083C  8D 02 DC          sta CIA1_DDRA
083F  AD 00 DC          lda CIA1_PRA
0842  49 FF             eor #$ff
0844  60                rts
086D  A2 00             ldx #$00
086F  20 CF FF          jsr CHRIN
0872  C9 0D             cmp #$0d
0874  F0 08             beq __local5_done
0876  9D 45 08          sta input_buf,x
0879  E8                inx
087A  E0 27             cpx #MAX_INPUT_LEN-1
087C  D0 F1             bne __local5_loop
087E  A9 00             lda #$00
0880  9D 45 08          sta input_buf,x
0883  60                rts
0884  85 FB             sta word_dest_ptr
0886  84 FC             sty word_dest_ptr+1
0888  BD 45 08          lda input_buf,x
088B  C9 20             cmp #$20
088D  D0 04             bne __local6_start
088F  E8                inx
0890  4C 88 08          jmp __local6_skip_spaces
0893  A0 00             ldy #$00
0895  BD 45 08          lda input_buf,x
0898  F0 0F             beq __local6_end
089A  C9 20             cmp #$20
089C  F0 0A             beq __local6_space
089E  91 FB             sta (word_dest_ptr),y
08A0  E8                inx
08A1  C8                iny
08A2  C0 0E             cpy #MAX_WORD_LEN-1
08A4  D0 EF             bne __local6_loop
08A6  F0 01             beq __local6_terminate
08A8  E8                inx
08A9  A9 00             lda #$00
08AB  91 FB             sta (word_dest_ptr),y
08AD  60                rts
08AE  AD 12 D0          lda VIC_RASTER
08B1  C9 FB             cmp #$fb
08B3  D0 F9             bne wait_frame
08B5  60                rts
08B6  A5 08             lda xdir
08B8  F0 0F             beq __local8_move_left
08BA  E6 06             inc xpos
08BC  A5 06             lda xpos
08BE  C9 FA             cmp #XMAX
08C0  D0 13             bne __local8_x_done
08C2  A9 00             lda #0
08C4  85 08             sta xdir             ; hit the right edge -- reverse
08C6  4C D5 08          jmp __local8_x_done
08C9  C6 06             dec xpos
08CB  A5 06             lda xpos
08CD  C9 18             cmp #XMIN
08CF  D0 04             bne __local8_x_done
08D1  A9 01             lda #1
08D3  85 08             sta xdir             ; hit the left edge -- reverse
08D5  A5 0A             lda ydir
08D7  F0 0F             beq __local8_move_up
08D9  E6 07             inc ypos
08DB  A5 07             lda ypos
08DD  C9 DC             cmp #YMAX
08DF  D0 13             bne __local8_y_done
08E1  A9 00             lda #0
08E3  85 0A             sta ydir             ; hit the bottom edge -- reverse
08E5  4C F4 08          jmp __local8_y_done
08E8  C6 07             dec ypos
08EA  A5 07             lda ypos
08EC  C9 32             cmp #YMIN
08EE  D0 04             bne __local8_y_done
08F0  A9 01             lda #1
08F2  85 0A             sta ydir             ; hit the top edge -- reverse
08F4  A5 06             lda xpos
08F6  8D 00 D0          sta SPRITE0_X
08F9  A5 07             lda ypos
08FB  8D 01 D0          sta SPRITE0_Y
08FE  60                rts
08FF  A5 09             lda engine_playing
0901  D0 1D             bne __local9_already_on
0903  A9 00             lda #$00
0905  8D 00 D4          sta VOICE1_FREQ_LO
0908  A9 08             lda #$08
090A  8D 01 D4          sta VOICE1_FREQ_HI
090D  A9 00             lda #$00
090F  8D 05 D4          sta VOICE1_AD
0912  A9 F8             lda #$f8
0914  8D 06 D4          sta VOICE1_SR
0917  A9 81             lda #%10000001          ; noise waveform, gate on
0919  8D 04 D4          sta VOICE1_CTRL
091C  A9 01             lda #1
091E  85 09             sta engine_playing
0920  60                rts
0921  A5 09             lda engine_playing
0923  F0 09             beq __local10_already_off
0925  A9 80             lda #%10000000          ; noise waveform, gate off
0927  8D 04 D4          sta VOICE1_CTRL
092A  A9 00             lda #0
092C  85 09             sta engine_playing
092E  60                rts
092F  A9 0F             lda #$0f
0931  8D 18 D4          sta SID_VOLUME
0934  A9 00             lda #$00
0936  8D 04 D4          sta VOICE1_CTRL
0939  A9 00             lda #%00000000
093B  8D 03 DC          sta CIA1_DDRB
093E  A9 93             lda #$93
0940  20 D2 FF          jsr CHROUT
0943  A9 1E             lda #<welcome_msg
0945  A0 0A             ldy #>welcome_msg
0947  20 10 08          jsr print_msg
094A  AD 11 D0          lda VIC_CTRL1
094D  09 20             ora #%00100000        
094F  8D 11 D0          sta VIC_CTRL1
0952  AD 18 D0          lda VIC_MEMPTRS
0955  29 F0             and #%11110000        
0957  09 08             ora #((BITMAP) / 1024)   
0959  8D 18 D0          sta VIC_MEMPTRS
095C  A9 00             lda #<(BITMAP)
095E  85 FD             sta gfx_ptr
0960  A9 20             lda #>(BITMAP)
0962  85 FE             sta gfx_ptr+1
0964  A2 20             ldx #32
0966  A9 00             lda #$00
0968  A0 00             ldy #$00
096A  91 FD             sta (gfx_ptr),y
096C  C8                iny
096D  D0 FB             bne __local17_clear_byte
096F  E6 FE             inc gfx_ptr+1
0971  CA                dex
0972  D0 F4             bne __local17_clear_loop
0974  A9 00             lda #<SCREEN
0976  85 FD             sta gfx_ptr
0978  A9 04             lda #>SCREEN
097A  85 FE             sta gfx_ptr+1
097C  A2 04             ldx #4
097E  A9 10             lda #%00010000
0980  A0 00             ldy #$00
0982  91 FD             sta (gfx_ptr),y
0984  C8                iny
0985  D0 FB             bne __local18_fill_byte
0987  E6 FE             inc gfx_ptr+1
0989  CA                dex
098A  D0 F4             bne __local18_fill_loop
098C  A9 29             lda #((sprite_data) / 64)
098E  8D F8 07          sta SPRITE_PTR0
0991  A9 01             lda #1
0993  8D 27 D0          sta SPRITE0_COLOR
0996  A9 64             lda #100
0998  8D 00 D0          sta SPRITE0_X
099B  A9 64             lda #100
099D  8D 01 D0          sta SPRITE0_Y
09A0  A9 01             lda #%00000001
09A2  8D 15 D0          sta SPRITE_ENABLE
09A5  20 3A 08          jsr read_joy2
09A8  8D 1D 0A          sta joy_state
09AB  29 10             and #%00010000          ; fire button
09AD  F0 1E             beq no_fire
09AF  A9 00             lda #$00
09B1  8D 04 D4          sta VOICE1_CTRL
09B4  A9 00             lda #$00
09B6  8D 00 D4          sta VOICE1_FREQ_LO
09B9  A9 30             lda #$30
09BB  8D 01 D4          sta VOICE1_FREQ_HI
09BE  A9 08             lda #$08
09C0  8D 05 D4          sta VOICE1_AD
09C3  A9 00             lda #$00
09C5  8D 06 D4          sta VOICE1_SR
09C8  A9 81             lda #%10000001
09CA  8D 04 D4          sta VOICE1_CTRL
09CD  78                sei
09CE  A9 FF             lda #%11111111
09D0  8D 02 DC          sta CIA1_DDRA
09D3  A9 FD             lda #%11111101
09D5  8D 00 DC          sta CIA1_PRA
09D8  AD 01 DC          lda CIA1_PRB
09DB  58                cli
09DC  49 FF             eor #$ff          
09DE  29 02             and #%00000010
09E0  D0 06             bne w_held
09E2  20 21 09          jsr engine_sound_off
09E5  4C EB 09          jmp check_restart
09E8  20 FF 08          jsr engine_sound_on
09EB  78                sei
09EC  A9 FF             lda #%11111111
09EE  8D 02 DC          sta CIA1_DDRA
09F1  A9 FB             lda #%11111011
09F3  8D 00 DC          sta CIA1_PRA
09F6  AD 01 DC          lda CIA1_PRB
09F9  58                cli
09FA  49 FF             eor #$ff          
09FC  29 01             and #%00000001
09FE  D0 03             bne do_restart
0A00  4C A5 09          jmp main_loop
0A03  AD 11 D0          lda VIC_CTRL1
0A06  29 DF             and #%11011111         
0A08  8D 11 D0          sta VIC_CTRL1
0A0B  A9 14             lda #$14                
0A0D  8D 18 D0          sta VIC_MEMPTRS
0A10  A9 93             lda #$93
0A12  20 D2 FF          jsr CHROUT
0A15  A9 33             lda #<bye_msg
0A17  A0 0A             ldy #>bye_msg
0A19  20 10 08          jsr print_msg
0A1C  60                rts

Symbol table:
  BITMAP               = $2000
  CHRIN                = $FFCF
  CHROUT               = $FFD2
  CIA1_DDRA            = $DC02
  CIA1_DDRB            = $DC03
  CIA1_PRA             = $DC00
  CIA1_PRB             = $DC01
  MAX_INPUT_LEN        = $0028
  MAX_WORD_LEN         = $000F
  SCREEN               = $0400
  SID_VOLUME           = $D418
  SPRITE0_COLOR        = $D027
  SPRITE0_X            = $D000
  SPRITE0_Y            = $D001
  SPRITE_ENABLE        = $D015
  SPRITE_PTR0          = $07F8
  VIC_BG0              = $D021
  VIC_BORDER           = $D020
  VIC_CTRL1            = $D011
  VIC_CTRL2            = $D016
  VIC_MEMPTRS          = $D018
  VIC_RASTER           = $D012
  VOICE1_AD            = $D405
  VOICE1_CTRL          = $D404
  VOICE1_FREQ_HI       = $D401
  VOICE1_FREQ_LO       = $D400
  VOICE1_SR            = $D406
  XMAX                 = $00FA
  XMIN                 = $0018
  YMAX                 = $00DC
  YMIN                 = $0032
  __local10_already_off = $092E
  __local17_clear_byte = $096A
  __local17_clear_loop = $0968
  __local18_fill_byte  = $0982
  __local18_fill_loop  = $0980
  __local1_done        = $0820
  __local1_loop        = $0816
  __local2_loop        = $0827
  __local2_no          = $0834
  __local2_yes         = $0837
  __local5_done        = $087E
  __local5_loop        = $086F
  __local6_end         = $08A9
  __local6_loop        = $0895
  __local6_skip_spaces = $0888
  __local6_space       = $08A8
  __local6_start       = $0893
  __local6_terminate   = $08A9
  __local8_move_left   = $08C9
  __local8_move_up     = $08E8
  __local8_x_done      = $08D5
  __local8_y_done      = $08F4
  __local9_already_on  = $0920
  bye_msg              = $0A33
  check_restart        = $09EB
  cmp_ptr              = $0002
  do_restart           = $0A03
  engine_playing       = $0009
  engine_sound_off     = $0921
  engine_sound_on      = $08FF
  extract_word         = $0884
  gfx_ptr              = $00FD
  input_buf            = $0845
  joy_state            = $0A1D
  kw_ptr               = $0004
  main_loop            = $09A5
  no_fire              = $09CD
  print_msg            = $0810
  read_joy2            = $083A
  read_line            = $086D
  sprite0_bounce_step  = $08B6
  sprite_data          = $0A40
  start                = $092F
  str_equal            = $0821
  str_ptr              = $00FB
  w_held               = $09E8
  wait_frame           = $08AE
  welcome_msg          = $0A1E
  word_dest_ptr        = $00FB
  xdir                 = $0008
  xpos                 = $0006
  ydir                 = $000A
  ypos                 = $0007
