; c64asm listing  (origin $0801, 271 bytes)
; CYCLES column: a plain number is a fixed cycle count; "b/b+1" means b cycles, +1 more if this instruction's indexed addressing crosses a page boundary; "2/3/4" means a branch's usual 2 (not taken) / 3 (taken) / 4 (taken, crossing a page). Blank means an illegal/undocumented opcode (.cpu 6510x) -- see c64asm-reference.md "Listing file format".

ADDR  BYTES      CYCLES  SOURCE
080D  20 90 08   6               jsr print_intro
0810  A0 00      2               ldy #0
0812  BF F0 08                   lax pattern_tbl,y
0815  99 00 04   5               sta SCREEN,y
0818  BD 00 09   4/5             lda palette_tbl,x
081B  99 00 D8   5               sta COLOR,y
081E  C8         2               iny
081F  C0 10      2               cpy #16
0821  D0 EF      2/3/4           bne __local2_row_loop
0823  A0 00      2               ldy #0
0825  BF F0 08                   lax pattern_tbl,y
0828  99 28 04   5               sta SCREEN+40,y
082B  BD 00 09   4/5             lda palette_tbl,x
082E  99 28 D8   5               sta COLOR+40,y
0831  C8         2               iny
0832  C0 10      2               cpy #16
0834  D0 EF      2/3/4           bne __local3_row_loop
0836  A0 00      2               ldy #0
0838  BF F0 08                   lax pattern_tbl,y
083B  99 50 04   5               sta SCREEN+80,y
083E  BD 00 09   4/5             lda palette_tbl,x
0841  99 50 D8   5               sta COLOR+80,y
0844  C8         2               iny
0845  C0 10      2               cpy #16
0847  D0 EF      2/3/4           bne __local4_row_loop
0849  A0 00      2               ldy #0
084B  BF F0 08                   lax pattern_tbl,y
084E  99 78 04   5               sta SCREEN+120,y
0851  BD 00 09   4/5             lda palette_tbl,x
0854  99 78 D8   5               sta COLOR+120,y
0857  C8         2               iny
0858  C0 10      2               cpy #16
085A  D0 EF      2/3/4           bne __local5_row_loop
085C  A9 0F      2               lda #%00001111
085E  A2 06      2               ldx #%00000110
0860  8F 20 D0                   sax BORDER              ; BORDER := A and X ($06, blue) -- A and X
0863  20 AA 08   6               jsr short_pause
0866  A9 F0      2               lda #%11110000
0868  A2 19      2               ldx #%00011001
086A  8F 20 D0                   sax BORDER              ; BORDER := A and X ($10 and $19 -> $10)
086D  20 AA 08   6               jsr short_pause
0870  A9 55      2               lda #%01010101
0872  A2 0E      2               ldx #%00001110
0874  8F 21 D0                   sax BACKGR              ; BACKGR := A and X ($55 and $0E -> $04)
0877  20 AA 08   6               jsr short_pause
087A  A9 00      2               lda #$00
087C  A2 00      2               ldx #$00
087E  8F 20 D0                   sax BORDER              ; back to black for both, the ordinary way
0881  8F 21 D0                   sax BACKGR
0884  20 9F 08   6               jsr dcp_showcase
0887  EE 20 D0   6               inc BORDER
088A  20 AA 08   6               jsr short_pause
088D  4C 87 08   3               jmp flash_loop
0890  A2 00      2               ldx #$00
0892  BD B5 08   4/5             lda intro_msg,x
0895  F0 07      2/3/4           beq __local7_done
0897  20 D2 FF   6               jsr CHROUT
089A  E8         2               inx
089B  4C 92 08   3               jmp __local7_print_loop
089E  60         6               rts
089F  A9 FF      2               lda #$ff
08A1  85 FB      3               sta counter
08A3  A9 80      2               lda #$80                ; the target -- try changing this to any
08A5  C7 FB                      dcp counter              ; counter := counter-1; compare A ($80)
08A7  D0 FC      2/3/4           bne __local8_dcp_loop              ; loop until counter == $80 (127 times)
08A9  60         6               rts
08AA  A2 00      2               ldx #$00
08AC  A0 00      2               ldy #$00
08AE  C8         2               iny
08AF  D0 FD      2/3/4           bne __local9_inner
08B1  CA         2               dex
08B2  D0 F8      2/3/4           bne __local9_outer
08B4  60         6               rts

Symbol table:
  BACKGR               = $D021
  BORDER               = $D020
  CHROUT               = $FFD2
  COLOR                = $D800
  SCREEN               = $0400
  __local2_row_loop    = $0812
  __local3_row_loop    = $0825
  __local4_row_loop    = $0838
  __local5_row_loop    = $084B
  __local7_done        = $089E
  __local7_print_loop  = $0892
  __local8_dcp_loop    = $08A5
  __local9_inner       = $08AE
  __local9_outer       = $08AC
  counter              = $00FB
  dcp_showcase         = $089F
  flash_loop           = $0887
  intro_msg            = $08B5
  palette_tbl          = $0900
  pattern_tbl          = $08F0
  print_intro          = $0890
  short_pause          = $08AA
  start                = $080D
