; c64asm listing  (origin $0801, 831 bytes)

080D  A9 FF             lda #%11111111
080F  8D 02 DC          sta $dc02              ; DDRA: all outputs
0812  A9 00             lda #%00000000
0814  8D 03 DC          sta $dc03              ; DDRB: all inputs
0817  A9 00             lda #<SCREEN
0819  85 FB             sta ptr
081B  A9 04             lda #>SCREEN
081D  85 FC             sta ptr+1
081F  A2 04             ldx #4
0821  A9 20             lda #$20              ; space
0823  A0 00             ldy #$00
0825  91 FB             sta (ptr),y
0827  C8                iny
0828  D0 FB             bne clear_screen_byte
082A  E6 FC             inc ptr+1
082C  CA                dex
082D  D0 F4             bne clear_screen
082F  A9 00             lda #<COLOR
0831  85 FB             sta ptr
0833  A9 D8             lda #>COLOR
0835  85 FC             sta ptr+1
0837  A2 04             ldx #4
0839  A9 00             lda #$00              ; color doesn't matter for space characters,
083B  A0 00             ldy #$00
083D  91 FB             sta (ptr),y
083F  C8                iny
0840  D0 FB             bne clear_color_byte
0842  E6 FC             inc ptr+1
0844  CA                dex
0845  D0 F4             bne clear_color
0847  A9 00             lda #0
0849  8D 20 D0          sta $d020             ; black border
084C  8D 21 D0          sta $d021             ; black background
084F  A9 0F             lda #$0f
0851  8D 18 D4          sta $d418              ; SID: full volume, no filter
0854  A9 00             lda #$00
0856  8D 04 D4          sta $d404               ; voice 1: gate off
0859  A9 0E             lda #<(SCREEN+14)
085B  85 FB             sta ptr
085D  A9 04             lda #>(SCREEN+14)
085F  85 FC             sta ptr+1
0861  A2 0D             ldx #13
0863  A0 00             ldy #$00
0865  A9 2A             lda #$2a              ; screen code '*' (same value as PETSCII here)
0867  91 FB             sta (ptr),y
0869  18                clc
086A  A5 FB             lda ptr
086C  69 50             adc #80                ; skip a row (draws every other row => dashed)
086E  85 FB             sta ptr
0870  A5 FC             lda ptr+1
0872  69 00             adc #0
0874  85 FC             sta ptr+1
0876  CA                dex
0877  D0 EA             bne draw_net_screen
0879  A9 0E             lda #<(COLOR+14)
087B  85 FB             sta ptr
087D  A9 D8             lda #>(COLOR+14)
087F  85 FC             sta ptr+1
0881  A2 0D             ldx #13
0883  A0 00             ldy #$00
0885  A9 01             lda #1                 ; white
0887  91 FB             sta (ptr),y
0889  18                clc
088A  A5 FB             lda ptr
088C  69 50             adc #80
088E  85 FB             sta ptr
0890  A5 FC             lda ptr+1
0892  69 00             adc #0
0894  85 FC             sta ptr+1
0896  CA                dex
0897  D0 EA             bne draw_net_color
0899  A9 2B             lda #(BALL_DATA / 64)
089B  8D F8 07          sta SPRITE_PTR0
089E  A9 2C             lda #(PADDLE_DATA / 64)
08A0  8D F9 07          sta SPRITE_PTR1
08A3  A9 2C             lda #(PADDLE_DATA / 64)
08A5  8D FA 07          sta SPRITE_PTR2
08A8  A9 01             lda #1                 ; ball: white
08AA  8D 27 D0          sta $d027
08AD  A9 03             lda #3                 ; left paddle: cyan
08AF  8D 28 D0          sta $d028
08B2  A9 07             lda #7                 ; right paddle: yellow
08B4  8D 29 D0          sta $d029
08B7  A9 07             lda #%00000111
08B9  8D 15 D0          sta $d015              ; enable sprites 0, 1, 2
08BC  A9 18             lda #LEFT_PADDLE_X
08BE  8D 02 D0          sta $d002
08C1  A9 FA             lda #RIGHT_PADDLE_X
08C3  8D 04 D0          sta $d004
08C6  A9 01             lda #1                  ; white
08C8  8D 05 D8          sta P1_SCORE_COLOR
08CB  8D 17 D8          sta P2_SCORE_COLOR
08CE  A9 00             lda #0
08D0  85 0A             sta p1_score
08D2  85 0B             sta p2_score
08D4  20 4F 0A          jsr draw_p1_score
08D7  20 58 0A          jsr draw_p2_score
08DA  A9 64             lda #100
08DC  85 06             sta p1_y
08DE  85 07             sta p2_y
08E0  A9 22             lda #BALL_XMIN          ; = LEFT_PADDLE_X + 10, right at the paddle
08E2  85 02             sta ball_x
08E4  A9 6C             lda #108                 ; = p1_y (100) + 8, roughly paddle-center height
08E6  85 03             sta ball_y
08E8  A9 01             lda #1
08EA  85 04             sta ball_xdir             ; serve toward the computer paddle
08EC  85 05             sta ball_ydir
08EE  A9 02             lda #AI_SPEED
08F0  85 08             sta ai_delay
08F2  20 04 09          jsr wait_frame
08F5  20 0C 09          jsr read_joystick
08F8  20 4A 09          jsr move_ai
08FB  20 6E 09          jsr move_ball
08FE  20 3A 0A          jsr update_sprites
0901  4C F2 08          jmp main_loop
0904  AD 12 D0          lda $d012
0907  C9 FB             cmp #$fb
0909  D0 F9             bne wait_frame
090B  60                rts
090C  AD 00 DC          lda JOY2
090F  85 09             sta joy_state
0911  A5 09             lda joy_state
0913  29 01             and #%00000001         ; joystick up
0915  F0 0E             beq do_up
0917  78                sei
0918  A9 FD             lda #%11111101         ; select keyboard column 1 (has W, A, S)
091A  8D 00 DC          sta $dc00
091D  AD 01 DC          lda $dc01
0920  58                cli
0921  29 02             and #%00000010         ; bit 1 = W
0923  D0 08             bne no_up
0925  A5 06             lda p1_y
0927  C9 2E             cmp #PADDLE_YMIN
0929  F0 02             beq no_up
092B  C6 06             dec p1_y
092D  A5 09             lda joy_state
092F  29 02             and #%00000010         ; joystick down
0931  F0 0E             beq do_down
0933  78                sei
0934  A9 FD             lda #%11111101
0936  8D 00 DC          sta $dc00
0939  AD 01 DC          lda $dc01
093C  58                cli
093D  29 20             and #%00100000         ; bit 5 = S
093F  D0 08             bne no_down
0941  A5 06             lda p1_y
0943  C9 CD             cmp #PADDLE_YMAX
0945  F0 02             beq no_down
0947  E6 06             inc p1_y
0949  60                rts
094A  C6 08             dec ai_delay
094C  D0 1F             bne ai_done
094E  A9 02             lda #AI_SPEED
0950  85 08             sta ai_delay
0952  A5 07             lda p2_y
0954  C5 03             cmp ball_y
0956  F0 15             beq ai_done
0958  90 0B             bcc ai_need_down       ; p2_y < ball_y -> move down
095A  A5 07             lda p2_y
095C  C9 2E             cmp #PADDLE_YMIN
095E  F0 0D             beq ai_done
0960  C6 07             dec p2_y
0962  4C 6D 09          jmp ai_done
0965  A5 07             lda p2_y
0967  C9 CD             cmp #PADDLE_YMAX
0969  F0 02             beq ai_done
096B  E6 07             inc p2_y
096D  60                rts
096E  A5 05             lda ball_ydir
0970  F0 12             beq ball_move_up
0972  E6 03             inc ball_y
0974  A5 03             lda ball_y
0976  C9 DC             cmp #YMAX
0978  D0 19             bne ball_y_done
097A  A9 00             lda #0
097C  85 05             sta ball_ydir
097E  20 80 0A          jsr play_wall_bounce
0981  4C 93 09          jmp ball_y_done
0984  C6 03             dec ball_y
0986  A5 03             lda ball_y
0988  C9 32             cmp #YMIN
098A  D0 07             bne ball_y_done
098C  A9 01             lda #1
098E  85 05             sta ball_ydir
0990  20 80 0A          jsr play_wall_bounce
0993  A5 04             lda ball_xdir
0995  F0 0E             beq ball_move_left
0997  E6 02             inc ball_x
0999  A5 02             lda ball_x
099B  C9 F0             cmp #BALL_XMAX
099D  D0 11             bne ball_x_done
099F  20 B1 09          jsr test_right_paddle
09A2  4C B0 09          jmp ball_x_done
09A5  C6 02             dec ball_x
09A7  A5 02             lda ball_x
09A9  C9 22             cmp #BALL_XMIN
09AB  D0 03             bne ball_x_done
09AD  20 EC 09          jsr test_left_paddle
09B0  60                rts
09B1  A5 03             lda ball_y
09B3  18                clc
09B4  69 18             adc #PADDLE_RANGE
09B6  C5 07             cmp p2_y
09B8  90 11             bcc right_miss          ; ball_y+RANGE < p2_y -> ball is above the paddle
09BA  A5 07             lda p2_y
09BC  18                clc
09BD  69 18             adc #PADDLE_RANGE
09BF  C5 03             cmp ball_y
09C1  90 08             bcc right_miss          ; p2_y+RANGE < ball_y -> ball is below the paddle
09C3  A9 00             lda #0
09C5  85 04             sta ball_xdir            ; hit -- bounce back left
09C7  20 61 0A          jsr play_paddle_hit
09CA  60                rts
09CB  20 27 0A          jsr flash_border
09CE  20 9F 0A          jsr play_score
09D1  E6 0A             inc p1_score
09D3  A5 0A             lda p1_score
09D5  C9 0A             cmp #10
09D7  D0 04             bne p1_score_ok
09D9  A9 00             lda #0
09DB  85 0A             sta p1_score
09DD  20 4F 0A          jsr draw_p1_score
09E0  A9 22             lda #BALL_XMIN
09E2  85 02             sta ball_x
09E4  A5 06             lda p1_y
09E6  18                clc
09E7  69 08             adc #8                  ; roughly paddle-center height
09E9  85 03             sta ball_y
09EB  60                rts
09EC  A5 03             lda ball_y
09EE  18                clc
09EF  69 18             adc #PADDLE_RANGE
09F1  C5 06             cmp p1_y
09F3  90 11             bcc left_miss
09F5  A5 06             lda p1_y
09F7  18                clc
09F8  69 18             adc #PADDLE_RANGE
09FA  C5 03             cmp ball_y
09FC  90 08             bcc left_miss
09FE  A9 01             lda #1
0A00  85 04             sta ball_xdir             ; hit -- bounce back right
0A02  20 61 0A          jsr play_paddle_hit
0A05  60                rts
0A06  20 27 0A          jsr flash_border
0A09  20 9F 0A          jsr play_score
0A0C  E6 0B             inc p2_score
0A0E  A5 0B             lda p2_score
0A10  C9 0A             cmp #10
0A12  D0 04             bne p2_score_ok
0A14  A9 00             lda #0
0A16  85 0B             sta p2_score
0A18  20 58 0A          jsr draw_p2_score
0A1B  A9 F0             lda #BALL_XMAX
0A1D  85 02             sta ball_x
0A1F  A5 07             lda p2_y
0A21  18                clc
0A22  69 08             adc #8
0A24  85 03             sta ball_y
0A26  60                rts
0A27  A9 02             lda #2                  ; red
0A29  8D 20 D0          sta $d020
0A2C  A2 08             ldx #8
0A2E  20 04 09          jsr wait_frame
0A31  CA                dex
0A32  D0 FA             bne flash_delay
0A34  A9 00             lda #0
0A36  8D 20 D0          sta $d020
0A39  60                rts
0A3A  A5 02             lda ball_x
0A3C  8D 00 D0          sta $d000
0A3F  A5 03             lda ball_y
0A41  8D 01 D0          sta $d001
0A44  A5 06             lda p1_y
0A46  8D 03 D0          sta $d003
0A49  A5 07             lda p2_y
0A4B  8D 05 D0          sta $d005
0A4E  60                rts
0A4F  A5 0A             lda p1_score
0A51  18                clc
0A52  69 30             adc #$30
0A54  8D 05 04          sta P1_SCORE_POS
0A57  60                rts
0A58  A5 0B             lda p2_score
0A5A  18                clc
0A5B  69 30             adc #$30
0A5D  8D 17 04          sta P2_SCORE_POS
0A60  60                rts
0A61  A9 00             lda #$00
0A63  8D 04 D4          sta VOICE1_CTRL          ; force gate off first
0A66  A9 00             lda #$00
0A68  8D 00 D4          sta VOICE1_FREQ_LO
0A6B  A9 30             lda #$30
0A6D  8D 01 D4          sta VOICE1_FREQ_HI       ; high pitch
0A70  A9 08             lda #$08
0A72  8D 05 D4          sta VOICE1_AD             ; attack 0, decay 8
0A75  A9 00             lda #$00
0A77  8D 06 D4          sta VOICE1_SR              ; sustain 0, release 0
0A7A  A9 11             lda #%00010001             ; triangle wave, gate on
0A7C  8D 04 D4          sta VOICE1_CTRL
0A7F  60                rts
0A80  A9 00             lda #$00
0A82  8D 04 D4          sta VOICE1_CTRL
0A85  A9 00             lda #$00
0A87  8D 00 D4          sta VOICE1_FREQ_LO
0A8A  A9 18             lda #$18
0A8C  8D 01 D4          sta VOICE1_FREQ_HI       ; medium pitch
0A8F  A9 06             lda #$06
0A91  8D 05 D4          sta VOICE1_AD             ; attack 0, decay 6 -- a bit crisper/shorter
0A94  A9 00             lda #$00
0A96  8D 06 D4          sta VOICE1_SR
0A99  A9 11             lda #%00010001
0A9B  8D 04 D4          sta VOICE1_CTRL
0A9E  60                rts
0A9F  A9 00             lda #$00
0AA1  8D 04 D4          sta VOICE1_CTRL
0AA4  A9 00             lda #$00
0AA6  8D 00 D4          sta VOICE1_FREQ_LO
0AA9  A9 08             lda #$08
0AAB  8D 01 D4          sta VOICE1_FREQ_HI       ; low pitch
0AAE  A9 0F             lda #$0f
0AB0  8D 05 D4          sta VOICE1_AD             ; attack 0, decay 15 (longest -- a "boop" tail)
0AB3  A9 00             lda #$00
0AB5  8D 06 D4          sta VOICE1_SR
0AB8  A9 11             lda #%00010001
0ABA  8D 04 D4          sta VOICE1_CTRL
0ABD  60                rts

Symbol table:
  AI_SPEED             = $0002
  BALL_DATA            = $0AC0
  BALL_XMAX            = $00F0
  BALL_XMIN            = $0022
  COLOR                = $D800
  JOY2                 = $DC00
  LEFT_PADDLE_X        = $0018
  P1_SCORE_COLOR       = $D805
  P1_SCORE_POS         = $0405
  P2_SCORE_COLOR       = $D817
  P2_SCORE_POS         = $0417
  PADDLE_DATA          = $0B00
  PADDLE_RANGE         = $0018
  PADDLE_YMAX          = $00CD
  PADDLE_YMIN          = $002E
  RIGHT_PADDLE_X       = $00FA
  SCREEN               = $0400
  SPRITE_PTR0          = $07F8
  SPRITE_PTR1          = $07F9
  SPRITE_PTR2          = $07FA
  VOICE1_AD            = $D405
  VOICE1_CTRL          = $D404
  VOICE1_FREQ_HI       = $D401
  VOICE1_FREQ_LO       = $D400
  VOICE1_SR            = $D406
  YMAX                 = $00DC
  YMIN                 = $0032
  ai_delay             = $0008
  ai_done              = $096D
  ai_need_down         = $0965
  ball_data            = $0AC0
  ball_move_left       = $09A5
  ball_move_up         = $0984
  ball_x               = $0002
  ball_x_done          = $09B0
  ball_xdir            = $0004
  ball_y               = $0003
  ball_y_done          = $0993
  ball_ydir            = $0005
  clear_color          = $083B
  clear_color_byte     = $083D
  clear_screen         = $0823
  clear_screen_byte    = $0825
  do_down              = $0941
  do_up                = $0925
  draw_net_color       = $0883
  draw_net_screen      = $0863
  draw_p1_score        = $0A4F
  draw_p2_score        = $0A58
  flash_border         = $0A27
  flash_delay          = $0A2E
  joy_state            = $0009
  left_miss            = $0A06
  main_loop            = $08F2
  move_ai              = $094A
  move_ball            = $096E
  no_down              = $0949
  no_up                = $092D
  p1_score             = $000A
  p1_score_ok          = $09DD
  p1_y                 = $0006
  p2_score             = $000B
  p2_score_ok          = $0A18
  p2_y                 = $0007
  paddle_data          = $0B00
  play_paddle_hit      = $0A61
  play_score           = $0A9F
  play_wall_bounce     = $0A80
  ptr                  = $00FB
  read_joystick        = $090C
  right_miss           = $09CB
  start                = $080D
  test_left_paddle     = $09EC
  test_right_paddle    = $09B1
  update_sprites       = $0A3A
  wait_frame           = $0904
