; c64asm listing  (origin $0801, 1214 bytes)
; CYCLES column: a plain number is a fixed cycle count; "b/b+1" means b cycles, +1 more if this instruction's indexed addressing crosses a page boundary; "2/3/4" means a branch's usual 2 (not taken) / 3 (taken) / 4 (taken, crossing a page). Blank means an illegal/undocumented opcode (.cpu 6510x) -- see c64asm-reference.md "Listing file format".

ADDR  BYTES      CYCLES  SOURCE
080D  4C 9D 09   3               .basic start
0810  85 FB      3               sta str_ptr
0812  84 FC      3               sty str_ptr+1
0814  A0 00      2               ldy #$00
0816  B1 FB      5/6             lda (str_ptr),y
0818  F0 06      2/3/4           beq __local1_done
081A  20 D2 FF   6               jsr CHROUT
081D  C8         2               iny
081E  D0 F6      2/3/4           bne __local1_loop
0820  60         6               rts
0821  85 04      3               sta kw_ptr
0823  84 05      3               sty kw_ptr+1
0825  A0 00      2               ldy #$00
0827  B1 02      5/6             lda (cmp_ptr),y
0829  D1 04      5/6             cmp (kw_ptr),y
082B  D0 07      2/3/4           bne __local2_no
082D  C9 00      2               cmp #$00
082F  F0 06      2/3/4           beq __local2_yes
0831  C8         2               iny
0832  D0 F3      2/3/4           bne __local2_loop
0834  A9 00      2               lda #$00
0836  60         6               rts
0837  A9 01      2               lda #$01
0839  60         6               rts
083A  A9 00      2               lda #%00000000
083C  8D 02 DC   4               sta CIA1_DDRA
083F  AD 00 DC   4               lda CIA1_PRA
0842  49 FF      2               eor #$ff
0844  60         6               rts
086D  A2 00      2               ldx #$00
086F  20 CF FF   6               jsr CHRIN
0872  C9 0D      2               cmp #$0d
0874  F0 08      2/3/4           beq __local5_done
0876  9D 45 08   5               sta input_buf,x
0879  E8         2               inx
087A  E0 27      2               cpx #MAX_INPUT_LEN-1
087C  D0 F1      2/3/4           bne __local5_loop
087E  A9 00      2               lda #$00
0880  9D 45 08   5               sta input_buf,x
0883  60         6               rts
0884  85 FB      3               sta word_dest_ptr
0886  84 FC      3               sty word_dest_ptr+1
0888  BD 45 08   4/5             lda input_buf,x
088B  C9 20      2               cmp #$20
088D  D0 04      2/3/4           bne __local6_start
088F  E8         2               inx
0890  4C 88 08   3               jmp __local6_skip_spaces
0893  A0 00      2               ldy #$00
0895  BD 45 08   4/5             lda input_buf,x
0898  F0 0F      2/3/4           beq __local6_end
089A  C9 20      2               cmp #$20
089C  F0 0A      2/3/4           beq __local6_space
089E  91 FB      6               sta (word_dest_ptr),y
08A0  E8         2               inx
08A1  C8         2               iny
08A2  C0 0E      2               cpy #MAX_WORD_LEN-1
08A4  D0 EF      2/3/4           bne __local6_loop
08A6  F0 01      2/3/4           beq __local6_terminate
08A8  E8         2               inx
08A9  A9 00      2               lda #$00
08AB  91 FB      6               sta (word_dest_ptr),y
08AD  60         6               rts
08B6  A2 00      2               ldx #$00
08B8  78         2               sei
08B9  A9 FF      2               lda #%11111111
08BB  8D 02 DC   4               sta CIA1_DDRA
08BE  BD AE 08   4/5             lda key_col_table,x
08C1  8D 00 DC   4               sta CIA1_PRA
08C4  AD 01 DC   4               lda CIA1_PRB
08C7  58         2               cli
08C8  49 FF      2               eor #$ff             ; active-HIGH: bit=1 means that key is held
08CA  F0 09      2/3/4           beq __local8_next_col
08CC  A0 00      2               ldy #$00
08CE  4A         2               lsr a
08CF  B0 0E      2/3/4           bcs __local8_found
08D1  C8         2               iny
08D2  4C CE 08   3               jmp __local8_row_loop
08D5  E8         2               inx
08D6  E0 08      2               cpx #$08
08D8  D0 DE      2/3/4           bne __local8_col_loop
08DA  A2 00      2               ldx #$00
08DC  4C B8 08   3               jmp __local8_col_loop
08DF  8A         2               txa
08E0  0A         2               asl a
08E1  0A         2               asl a
08E2  0A         2               asl a                 ; A = column_index * 8
08E3  85 0A      3               sta key_scratch
08E5  98         2               tya
08E6  18         2               clc
08E7  65 0A      3               adc key_scratch        ; A = column_index*8 + row_index
08E9  60         6               rts
08EA  AD 12 D0   4               lda VIC_RASTER
08ED  C9 FB      2               cmp #$fb
08EF  D0 F9      2/3/4           bne wait_frame
08F1  60         6               rts
08F2  A2 00      2               ldx #0                ; returned: did X bounce this frame?
08F4  A0 00      2               ldy #0                ; returned: did Y bounce this frame?
08F6  A5 0C      3               lda xdir
08F8  F0 1B      2/3/4           beq __local10_move_left
08FA  E6 06      5               inc xpos              ; 16-bit increment: bump the low byte, and
08FC  D0 02      2/3/4           bne __local10_x_inc_done        ; only the high byte too if that wrapped
08FE  E6 07      5               inc xpos+1
0900  A5 06      3               lda xpos              ; 16-bit compare against XMAX
0902  C9 40      2               cmp #<XMAX
0904  D0 29      2/3/4           bne __local10_x_done
0906  A5 07      3               lda xpos+1
0908  C9 01      2               cmp #>XMAX
090A  D0 23      2/3/4           bne __local10_x_done
090C  A9 00      2               lda #0
090E  85 0C      3               sta xdir             ; hit the right edge -- reverse
0910  A2 01      2               ldx #1
0912  4C 2F 09   3               jmp __local10_x_done
0915  A5 06      3               lda xpos              ; 16-bit decrement: only borrow into the
0917  D0 02      2/3/4           bne __local10_x_dec_done         ; high byte if the low byte was already 0
0919  C6 07      5               dec xpos+1
091B  C6 06      5               dec xpos
091D  A5 06      3               lda xpos              ; 16-bit compare against XMIN (XMIN is
091F  C9 18      2               cmp #<XMIN              ; ordinarily under 256, so xpos+1 will
0921  D0 0C      2/3/4           bne __local10_x_done               ; ordinarily be checked against 0 here,
0923  A5 07      3               lda xpos+1                  ; but this works for any XMIN value)
0925  C9 00      2               cmp #>XMIN
0927  D0 06      2/3/4           bne __local10_x_done
0929  A9 01      2               lda #1
092B  85 0C      3               sta xdir             ; hit the left edge -- reverse
092D  A2 01      2               ldx #1
092F  A5 0E      3               lda ydir
0931  F0 11      2/3/4           beq __local10_move_up
0933  E6 0B      5               inc ypos
0935  A5 0B      3               lda ypos
0937  C9 E5      2               cmp #YMAX
0939  D0 17      2/3/4           bne __local10_y_done
093B  A9 00      2               lda #0
093D  85 0E      3               sta ydir             ; hit the bottom edge -- reverse
093F  A0 01      2               ldy #1
0941  4C 52 09   3               jmp __local10_y_done
0944  C6 0B      5               dec ypos
0946  A5 0B      3               lda ypos
0948  C9 32      2               cmp #YMIN
094A  D0 06      2/3/4           bne __local10_y_done
094C  A9 01      2               lda #1
094E  85 0E      3               sta ydir             ; hit the top edge -- reverse
0950  A0 01      2               ldy #1
0952  A5 06      3               lda xpos
0954  8D 00 D0   4               sta SPRITE0_X
0957  A5 07      3               lda xpos+1
0959  F0 0B      2/3/4           beq __local10_msb_clear
095B  AD 10 D0   4               lda SPRITE_X_MSB
095E  09 01      2               ora #%00000001       ; set sprite 0's bit only -- other sprites'
0960  8D 10 D0   4               sta SPRITE_X_MSB       ; MSB bits, if any, are left untouched
0963  4C 6E 09   3               jmp __local10_msb_done
0966  AD 10 D0   4               lda SPRITE_X_MSB
0969  29 FE      2               and #%11111110
096B  8D 10 D0   4               sta SPRITE_X_MSB
096E  A5 0B      3               lda ypos
0970  8D 01 D0   4               sta SPRITE0_Y
0973  60         6               rts
0974  85 FD      3               sta gfx_ptr
0976  84 FE      3               sty gfx_ptr+1
0978  A9 01      2               lda #%00000001
097A  8D 1D D0   4               sta SPRITE_X_EXPAND
097D  8D 17 D0   4               sta SPRITE_Y_EXPAND
0980  A0 00      2               ldy #$00
0982  B1 FD      5/6             lda (gfx_ptr),y
0984  8D 27 D0   4               sta SPRITE0_COLOR
0987  20 EA 08   6               jsr wait_frame
098A  20 EA 08   6               jsr wait_frame
098D  C8         2               iny
098E  CA         2               dex
098F  D0 F1      2/3/4           bne __local11_loop
0991  A9 00      2               lda #0
0993  8D 15 D0   4               sta SPRITE_ENABLE
0996  8D 1D D0   4               sta SPRITE_X_EXPAND
0999  8D 17 D0   4               sta SPRITE_Y_EXPAND
099C  60         6               rts
099D  A9 00      2               lda #%00000000
099F  8D 03 DC   4               sta CIA1_DDRB
09A2  A9 93      2               lda #$93
09A4  20 D2 FF   6               jsr CHROUT
09A7  A9 FE      2               lda #<welcome_msg
09A9  A0 0A      2               ldy #>welcome_msg
09AB  20 10 08   6               jsr print_msg
09AE  A9 2B      2               lda #<instructions_msg
09B0  A0 0B      2               ldy #>instructions_msg
09B2  20 10 08   6               jsr print_msg
09B5  A9 5B      2               lda #<continue_msg
09B7  A0 0B      2               ldy #>continue_msg
09B9  20 10 08   6               jsr print_msg
09BC  20 B6 08   6               jsr wait_any_key         ; see demo.asm's own header comment --
09BF  A9 2F      2               lda #((frame0) / 64)
09C1  8D F8 07   4               sta SPRITE_PTR0
09C4  A9 07      2               lda #7
09C6  8D 27 D0   4               sta SPRITE0_COLOR
09C9  A9 AC      2               lda #172
09CB  8D 00 D0   4               sta SPRITE0_X
09CE  A9 8C      2               lda #140
09D0  8D 01 D0   4               sta SPRITE0_Y
09D3  A9 01      2               lda #%00000001
09D5  8D 15 D0   4               sta SPRITE_ENABLE
09D8  A9 AC      2               lda #172
09DA  85 06      3               sta xpos
09DC  A9 00      2               lda #0
09DE  85 07      3               sta xpos+1
09E0  A9 8C      2               lda #140
09E2  85 0B      3               sta ypos
09E4  A9 00      2               lda #0
09E6  8D F8 0A   4               sta anim_frame
09E9  8D F9 0A   4               sta anim_timer
09EC  20 EA 08   6               jsr wait_frame
09EF  EE F9 0A   6               inc anim_timer
09F2  AD F9 0A   4               lda anim_timer
09F5  C9 08      2               cmp #8
09F7  D0 18      2/3/4           bne check_w
09F9  A9 00      2               lda #0
09FB  8D F9 0A   4               sta anim_timer
09FE  AE F8 0A   4               ldx anim_frame
0A01  E8         2               inx
0A02  E0 04      2               cpx #4
0A04  D0 02      2/3/4           bne __local19_store_frame
0A06  A2 00      2               ldx #0
0A08  8E F8 0A   4               stx anim_frame
0A0B  BD FA 0A   4/5             lda frame_ptrs,x
0A0E  8D F8 07   4               sta SPRITE_PTR0
0A11  78         2               sei
0A12  A9 FF      2               lda #%11111111
0A14  8D 02 DC   4               sta CIA1_DDRA
0A17  A9 FD      2               lda #KEY_W_COL
0A19  8D 00 DC   4               sta CIA1_PRA
0A1C  AD 01 DC   4               lda CIA1_PRB
0A1F  58         2               cli
0A20  49 FF      2               eor #$ff
0A22  29 02      2               and #KEY_W_ROW
0A24  F0 09      2/3/4           beq check_s
0A26  A5 0B      3               lda ypos
0A28  C9 32      2               cmp #YMIN
0A2A  F0 03      2/3/4           beq check_s
0A2C  20 EB 0A   6               jsr move_up
0A2F  78         2               sei
0A30  A9 FF      2               lda #%11111111
0A32  8D 02 DC   4               sta CIA1_DDRA
0A35  A9 FD      2               lda #KEY_S_COL
0A37  8D 00 DC   4               sta CIA1_PRA
0A3A  AD 01 DC   4               lda CIA1_PRB
0A3D  58         2               cli
0A3E  49 FF      2               eor #$ff
0A40  29 20      2               and #KEY_S_ROW
0A42  F0 09      2/3/4           beq check_a
0A44  A5 0B      3               lda ypos
0A46  C9 E5      2               cmp #YMAX
0A48  F0 03      2/3/4           beq check_a
0A4A  20 F0 0A   6               jsr move_down
0A4D  78         2               sei
0A4E  A9 FF      2               lda #%11111111
0A50  8D 02 DC   4               sta CIA1_DDRA
0A53  A9 FD      2               lda #KEY_A_COL
0A55  8D 00 DC   4               sta CIA1_PRA
0A58  AD 01 DC   4               lda CIA1_PRB
0A5B  58         2               cli
0A5C  49 FF      2               eor #$ff
0A5E  29 04      2               and #KEY_A_ROW
0A60  F0 0F      2/3/4           beq check_d
0A62  A5 06      3               lda xpos
0A64  C9 18      2               cmp #<XMIN
0A66  D0 06      2/3/4           bne __local24_do_move
0A68  A5 07      3               lda xpos+1
0A6A  C9 00      2               cmp #>XMIN
0A6C  F0 03      2/3/4           beq check_d
0A6E  20 BF 0A   6               jsr move_left
0A71  78         2               sei
0A72  A9 FF      2               lda #%11111111
0A74  8D 02 DC   4               sta CIA1_DDRA
0A77  A9 FB      2               lda #KEY_D_COL
0A79  8D 00 DC   4               sta CIA1_PRA
0A7C  AD 01 DC   4               lda CIA1_PRB
0A7F  58         2               cli
0A80  49 FF      2               eor #$ff
0A82  29 04      2               and #KEY_D_ROW
0A84  F0 0F      2/3/4           beq check_exit
0A86  A5 06      3               lda xpos
0A88  C9 40      2               cmp #<XMAX
0A8A  D0 06      2/3/4           bne __local26_do_move
0A8C  A5 07      3               lda xpos+1
0A8E  C9 01      2               cmp #>XMAX
0A90  F0 03      2/3/4           beq check_exit
0A92  20 CA 0A   6               jsr move_right
0A95  78         2               sei
0A96  A9 FF      2               lda #%11111111
0A98  8D 02 DC   4               sta CIA1_DDRA
0A9B  A9 7F      2               lda #KEY_Q_COL
0A9D  8D 00 DC   4               sta CIA1_PRA
0AA0  AD 01 DC   4               lda CIA1_PRB
0AA3  58         2               cli
0AA4  49 FF      2               eor #$ff
0AA6  29 40      2               and #KEY_Q_ROW
0AA8  D0 03      2/3/4           bne do_exit
0AAA  4C EC 09   3               jmp main_loop
0AAD  A9 00      2               lda #0
0AAF  8D 15 D0   4               sta SPRITE_ENABLE
0AB2  A9 93      2               lda #$93
0AB4  20 D2 FF   6               jsr CHROUT
0AB7  A9 79      2               lda #<bye_msg
0AB9  A0 0B      2               ldy #>bye_msg
0ABB  20 10 08   6               jsr print_msg
0ABE  60         6               rts
0ABF  A5 06      3               lda xpos
0AC1  D0 02      2/3/4           bne __local33_dec_done
0AC3  C6 07      5               dec xpos+1
0AC5  C6 06      5               dec xpos
0AC7  4C D0 0A   3               jmp update_sprite_x
0ACA  E6 06      5               inc xpos
0ACC  D0 02      2/3/4           bne update_sprite_x
0ACE  E6 07      5               inc xpos+1
0AD0  A5 06      3               lda xpos
0AD2  8D 00 D0   4               sta SPRITE0_X
0AD5  A5 07      3               lda xpos+1
0AD7  F0 09      2/3/4           beq __local35_msb_clear
0AD9  AD 10 D0   4               lda SPRITE_X_MSB
0ADC  09 01      2               ora #%00000001
0ADE  8D 10 D0   4               sta SPRITE_X_MSB
0AE1  60         6               rts
0AE2  AD 10 D0   4               lda SPRITE_X_MSB
0AE5  29 FE      2               and #%11111110
0AE7  8D 10 D0   4               sta SPRITE_X_MSB
0AEA  60         6               rts
0AEB  C6 0B      5               dec ypos
0AED  4C F2 0A   3               jmp update_sprite_y
0AF0  E6 0B      5               inc ypos
0AF2  A5 0B      3               lda ypos
0AF4  8D 01 D0   4               sta SPRITE0_Y
0AF7  60         6               rts

Symbol table:
  BITMAP               = $2000
  CHRIN                = $FFCF
  CHROUT               = $FFD2
  CIA1_DDRA            = $DC02
  CIA1_DDRB            = $DC03
  CIA1_PRA             = $DC00
  CIA1_PRB             = $DC01
  KEY_0_CODE           = $0023
  KEY_0_COL            = $00EF
  KEY_0_ROW            = $0008
  KEY_1_CODE           = $0038
  KEY_1_COL            = $007F
  KEY_1_ROW            = $0001
  KEY_2_CODE           = $003B
  KEY_2_COL            = $007F
  KEY_2_ROW            = $0008
  KEY_3_CODE           = $0008
  KEY_3_COL            = $00FD
  KEY_3_ROW            = $0001
  KEY_4_CODE           = $000B
  KEY_4_COL            = $00FD
  KEY_4_ROW            = $0008
  KEY_5_CODE           = $0010
  KEY_5_COL            = $00FB
  KEY_5_ROW            = $0001
  KEY_6_CODE           = $0013
  KEY_6_COL            = $00FB
  KEY_6_ROW            = $0008
  KEY_7_CODE           = $0018
  KEY_7_COL            = $00F7
  KEY_7_ROW            = $0001
  KEY_8_CODE           = $001B
  KEY_8_COL            = $00F7
  KEY_8_ROW            = $0008
  KEY_9_CODE           = $0020
  KEY_9_COL            = $00EF
  KEY_9_ROW            = $0001
  KEY_ASTERISK_CODE    = $0031
  KEY_ASTERISK_COL     = $00BF
  KEY_ASTERISK_ROW     = $0002
  KEY_AT_CODE          = $002E
  KEY_AT_COL           = $00DF
  KEY_AT_ROW           = $0040
  KEY_A_CODE           = $000A
  KEY_A_COL            = $00FD
  KEY_A_ROW            = $0004
  KEY_B_CODE           = $001C
  KEY_B_COL            = $00F7
  KEY_B_ROW            = $0010
  KEY_COLON_CODE       = $002D
  KEY_COLON_COL        = $00DF
  KEY_COLON_ROW        = $0020
  KEY_COMMA_CODE       = $002F
  KEY_COMMA_COL        = $00DF
  KEY_COMMA_ROW        = $0080
  KEY_COMMODORE_CODE   = $003D
  KEY_COMMODORE_COL    = $007F
  KEY_COMMODORE_ROW    = $0020
  KEY_CRSR_LR_CODE     = $0002
  KEY_CRSR_LR_COL      = $00FE
  KEY_CRSR_LR_ROW      = $0004
  KEY_CRSR_UD_CODE     = $0007
  KEY_CRSR_UD_COL      = $00FE
  KEY_CRSR_UD_ROW      = $0080
  KEY_CTRL_CODE        = $003A
  KEY_CTRL_COL         = $007F
  KEY_CTRL_ROW         = $0004
  KEY_C_CODE           = $0014
  KEY_C_COL            = $00FB
  KEY_C_ROW            = $0010
  KEY_DEL_CODE         = $0000
  KEY_DEL_COL          = $00FE
  KEY_DEL_ROW          = $0001
  KEY_D_CODE           = $0012
  KEY_D_COL            = $00FB
  KEY_D_ROW            = $0004
  KEY_EQUALS_CODE      = $0035
  KEY_EQUALS_COL       = $00BF
  KEY_EQUALS_ROW       = $0020
  KEY_E_CODE           = $000E
  KEY_E_COL            = $00FD
  KEY_E_ROW            = $0040
  KEY_F1_CODE          = $0004
  KEY_F1_COL           = $00FE
  KEY_F1_ROW           = $0010
  KEY_F3_CODE          = $0005
  KEY_F3_COL           = $00FE
  KEY_F3_ROW           = $0020
  KEY_F5_CODE          = $0006
  KEY_F5_COL           = $00FE
  KEY_F5_ROW           = $0040
  KEY_F7_CODE          = $0003
  KEY_F7_COL           = $00FE
  KEY_F7_ROW           = $0008
  KEY_F_CODE           = $0015
  KEY_F_COL            = $00FB
  KEY_F_ROW            = $0020
  KEY_G_CODE           = $001A
  KEY_G_COL            = $00F7
  KEY_G_ROW            = $0004
  KEY_HOME_CODE        = $0033
  KEY_HOME_COL         = $00BF
  KEY_HOME_ROW         = $0008
  KEY_H_CODE           = $001D
  KEY_H_COL            = $00F7
  KEY_H_ROW            = $0020
  KEY_I_CODE           = $0021
  KEY_I_COL            = $00EF
  KEY_I_ROW            = $0002
  KEY_J_CODE           = $0022
  KEY_J_COL            = $00EF
  KEY_J_ROW            = $0004
  KEY_K_CODE           = $0025
  KEY_K_COL            = $00EF
  KEY_K_ROW            = $0020
  KEY_LEFTARROW_CODE   = $0039
  KEY_LEFTARROW_COL    = $007F
  KEY_LEFTARROW_ROW    = $0002
  KEY_LSHIFT_CODE      = $000F
  KEY_LSHIFT_COL       = $00FD
  KEY_LSHIFT_ROW       = $0080
  KEY_L_CODE           = $002A
  KEY_L_COL            = $00DF
  KEY_L_ROW            = $0004
  KEY_MINUS_CODE       = $002B
  KEY_MINUS_COL        = $00DF
  KEY_MINUS_ROW        = $0008
  KEY_M_CODE           = $0024
  KEY_M_COL            = $00EF
  KEY_M_ROW            = $0010
  KEY_N_CODE           = $0027
  KEY_N_COL            = $00EF
  KEY_N_ROW            = $0080
  KEY_O_CODE           = $0026
  KEY_O_COL            = $00EF
  KEY_O_ROW            = $0040
  KEY_PERIOD_CODE      = $002C
  KEY_PERIOD_COL       = $00DF
  KEY_PERIOD_ROW       = $0010
  KEY_PLUS_CODE        = $0028
  KEY_PLUS_COL         = $00DF
  KEY_PLUS_ROW         = $0001
  KEY_POUND_CODE       = $0030
  KEY_POUND_COL        = $00BF
  KEY_POUND_ROW        = $0001
  KEY_P_CODE           = $0029
  KEY_P_COL            = $00DF
  KEY_P_ROW            = $0002
  KEY_Q_CODE           = $003E
  KEY_Q_COL            = $007F
  KEY_Q_ROW            = $0040
  KEY_RETURN_CODE      = $0001
  KEY_RETURN_COL       = $00FE
  KEY_RETURN_ROW       = $0002
  KEY_RSHIFT_CODE      = $0034
  KEY_RSHIFT_COL       = $00BF
  KEY_RSHIFT_ROW       = $0010
  KEY_RUNSTOP_CODE     = $003F
  KEY_RUNSTOP_COL      = $007F
  KEY_RUNSTOP_ROW      = $0080
  KEY_R_CODE           = $0011
  KEY_R_COL            = $00FB
  KEY_R_ROW            = $0002
  KEY_SEMICOLON_CODE   = $0032
  KEY_SEMICOLON_COL    = $00BF
  KEY_SEMICOLON_ROW    = $0004
  KEY_SLASH_CODE       = $0037
  KEY_SLASH_COL        = $00BF
  KEY_SLASH_ROW        = $0080
  KEY_SPACE_CODE       = $003C
  KEY_SPACE_COL        = $007F
  KEY_SPACE_ROW        = $0010
  KEY_S_CODE           = $000D
  KEY_S_COL            = $00FD
  KEY_S_ROW            = $0020
  KEY_T_CODE           = $0016
  KEY_T_COL            = $00FB
  KEY_T_ROW            = $0040
  KEY_UPARROW_CODE     = $0036
  KEY_UPARROW_COL      = $00BF
  KEY_UPARROW_ROW      = $0040
  KEY_U_CODE           = $001E
  KEY_U_COL            = $00F7
  KEY_U_ROW            = $0040
  KEY_V_CODE           = $001F
  KEY_V_COL            = $00F7
  KEY_V_ROW            = $0080
  KEY_W_CODE           = $0009
  KEY_W_COL            = $00FD
  KEY_W_ROW            = $0002
  KEY_X_CODE           = $0017
  KEY_X_COL            = $00FB
  KEY_X_ROW            = $0080
  KEY_Y_CODE           = $0019
  KEY_Y_COL            = $00F7
  KEY_Y_ROW            = $0002
  KEY_Z_CODE           = $000C
  KEY_Z_COL            = $00FD
  KEY_Z_ROW            = $0010
  MAX_INPUT_LEN        = $0028
  MAX_WORD_LEN         = $000F
  SCREEN               = $0400
  SID_VOLUME           = $D418
  SPRITE0_COLOR        = $D027
  SPRITE0_X            = $D000
  SPRITE0_Y            = $D001
  SPRITE_ENABLE        = $D015
  SPRITE_PTR0          = $07F8
  SPRITE_X_EXPAND      = $D01D
  SPRITE_X_MSB         = $D010
  SPRITE_Y_EXPAND      = $D017
  VIC_BG0              = $D021
  VIC_BORDER           = $D020
  VIC_CTRL1            = $D011
  VIC_CTRL2            = $D016
  VIC_MEMPTRS          = $D018
  VIC_RASTER           = $D012
  VOICE1_AD            = $D405
  VOICE1_CTRL          = $D404
  VOICE1_FREQ_HI       = $D401
  VOICE1_FREQ_LO       = $D400
  VOICE1_SR            = $D406
  XMAX                 = $0140
  XMIN                 = $0018
  YMAX                 = $00E5
  YMIN                 = $0032
  __local10_move_left  = $0915
  __local10_move_up    = $0944
  __local10_msb_clear  = $0966
  __local10_msb_done   = $096E
  __local10_x_dec_done = $091B
  __local10_x_done     = $092F
  __local10_x_inc_done = $0900
  __local10_y_done     = $0952
  __local11_loop       = $0982
  __local19_store_frame = $0A08
  __local1_done        = $0820
  __local1_loop        = $0816
  __local24_do_move    = $0A6E
  __local26_do_move    = $0A92
  __local2_loop        = $0827
  __local2_no          = $0834
  __local2_yes         = $0837
  __local33_dec_done   = $0AC5
  __local35_msb_clear  = $0AE2
  __local5_done        = $087E
  __local5_loop        = $086F
  __local6_end         = $08A9
  __local6_loop        = $0895
  __local6_skip_spaces = $0888
  __local6_space       = $08A8
  __local6_start       = $0893
  __local6_terminate   = $08A9
  __local8_col_loop    = $08B8
  __local8_found       = $08DF
  __local8_next_col    = $08D5
  __local8_row_loop    = $08CE
  anim_frame           = $0AF8
  anim_timer           = $0AF9
  bye_msg              = $0B79
  check_a              = $0A4D
  check_d              = $0A71
  check_exit           = $0A95
  check_s              = $0A2F
  check_w              = $0A11
  cmp_ptr              = $0002
  continue_msg         = $0B5B
  do_exit              = $0AAD
  extract_word         = $0884
  frame0               = $0BC0
  frame1               = $0C00
  frame2               = $0C40
  frame3               = $0C80
  frame_ptrs           = $0AFA
  gfx_ptr              = $00FD
  input_buf            = $0845
  instructions_msg     = $0B2B
  key_col_table        = $08AE
  key_scratch          = $000A
  kw_ptr               = $0004
  main_loop            = $09EC
  move_down            = $0AF0
  move_left            = $0ABF
  move_right           = $0ACA
  move_up              = $0AEB
  print_msg            = $0810
  read_joy2            = $083A
  read_line            = $086D
  sprite0_bounce_step  = $08F2
  sprite0_explode      = $0974
  start                = $099D
  str_equal            = $0821
  str_ptr              = $00FB
  update_sprite_x      = $0AD0
  update_sprite_y      = $0AF2
  wait_any_key         = $08B6
  wait_frame           = $08EA
  welcome_msg          = $0AFE
  word_dest_ptr        = $00FB
  xdir                 = $000C
  xpos                 = $0006
  ydir                 = $000E
  ypos                 = $000B
